Archive member included to satisfy reference by file (symbol)

C:/ST/STM32CubeIDE_1.10.1/STM32CubeIDE/plugins/com.st.stm32cube.ide.mcu.externaltools.gnu-tools-for-stm32.11.3.rel1.win32_1.1.0.202305231506/tools/bin/../lib/gcc/arm-none-eabi/11.3.1/../../../../arm-none-eabi/lib/thumb/v7-m/nofp\libc_nano.a(libc_a-exit.o)
                              C:/ST/STM32CubeIDE_1.10.1/STM32CubeIDE/plugins/com.st.stm32cube.ide.mcu.externaltools.gnu-tools-for-stm32.11.3.rel1.win32_1.1.0.202305231506/tools/bin/../lib/gcc/arm-none-eabi/11.3.1/../../../../arm-none-eabi/lib/thumb/v7-m/nofp/crt0.o (exit)
C:/ST/STM32CubeIDE_1.10.1/STM32CubeIDE/plugins/com.st.stm32cube.ide.mcu.externaltools.gnu-tools-for-stm32.11.3.rel1.win32_1.1.0.202305231506/tools/bin/../lib/gcc/arm-none-eabi/11.3.1/../../../../arm-none-eabi/lib/thumb/v7-m/nofp\libc_nano.a(libc_a-findfp.o)
                              ./Middlewares/Third_Party/FreeRTOS/Source/tasks.o (__sf)
C:/ST/STM32CubeIDE_1.10.1/STM32CubeIDE/plugins/com.st.stm32cube.ide.mcu.externaltools.gnu-tools-for-stm32.11.3.rel1.win32_1.1.0.202305231506/tools/bin/../lib/gcc/arm-none-eabi/11.3.1/../../../../arm-none-eabi/lib/thumb/v7-m/nofp\libc_nano.a(libc_a-fwalk.o)
                              C:/ST/STM32CubeIDE_1.10.1/STM32CubeIDE/plugins/com.st.stm32cube.ide.mcu.externaltools.gnu-tools-for-stm32.11.3.rel1.win32_1.1.0.202305231506/tools/bin/../lib/gcc/arm-none-eabi/11.3.1/../../../../arm-none-eabi/lib/thumb/v7-m/nofp\libc_nano.a(libc_a-findfp.o) (_fwalk_sglue)
C:/ST/STM32CubeIDE_1.10.1/STM32CubeIDE/plugins/com.st.stm32cube.ide.mcu.externaltools.gnu-tools-for-stm32.11.3.rel1.win32_1.1.0.202305231506/tools/bin/../lib/gcc/arm-none-eabi/11.3.1/../../../../arm-none-eabi/lib/thumb/v7-m/nofp\libc_nano.a(libc_a-stdio.o)
                              C:/ST/STM32CubeIDE_1.10.1/STM32CubeIDE/plugins/com.st.stm32cube.ide.mcu.externaltools.gnu-tools-for-stm32.11.3.rel1.win32_1.1.0.202305231506/tools/bin/../lib/gcc/arm-none-eabi/11.3.1/../../../../arm-none-eabi/lib/thumb/v7-m/nofp\libc_nano.a(libc_a-findfp.o) (__sread)
C:/ST/STM32CubeIDE_1.10.1/STM32CubeIDE/plugins/com.st.stm32cube.ide.mcu.externaltools.gnu-tools-for-stm32.11.3.rel1.win32_1.1.0.202305231506/tools/bin/../lib/gcc/arm-none-eabi/11.3.1/../../../../arm-none-eabi/lib/thumb/v7-m/nofp\libc_nano.a(libc_a-memset.o)
                              C:/ST/STM32CubeIDE_1.10.1/STM32CubeIDE/plugins/com.st.stm32cube.ide.mcu.externaltools.gnu-tools-for-stm32.11.3.rel1.win32_1.1.0.202305231506/tools/bin/../lib/gcc/arm-none-eabi/11.3.1/../../../../arm-none-eabi/lib/thumb/v7-m/nofp/crt0.o (memset)
C:/ST/STM32CubeIDE_1.10.1/STM32CubeIDE/plugins/com.st.stm32cube.ide.mcu.externaltools.gnu-tools-for-stm32.11.3.rel1.win32_1.1.0.202305231506/tools/bin/../lib/gcc/arm-none-eabi/11.3.1/../../../../arm-none-eabi/lib/thumb/v7-m/nofp\libc_nano.a(libc_a-strstr.o)
                              ./Core/Src/main.o (strstr)
C:/ST/STM32CubeIDE_1.10.1/STM32CubeIDE/plugins/com.st.stm32cube.ide.mcu.externaltools.gnu-tools-for-stm32.11.3.rel1.win32_1.1.0.202305231506/tools/bin/../lib/gcc/arm-none-eabi/11.3.1/../../../../arm-none-eabi/lib/thumb/v7-m/nofp\libc_nano.a(libc_a-closer.o)
                              C:/ST/STM32CubeIDE_1.10.1/STM32CubeIDE/plugins/com.st.stm32cube.ide.mcu.externaltools.gnu-tools-for-stm32.11.3.rel1.win32_1.1.0.202305231506/tools/bin/../lib/gcc/arm-none-eabi/11.3.1/../../../../arm-none-eabi/lib/thumb/v7-m/nofp\libc_nano.a(libc_a-stdio.o) (_close_r)
C:/ST/STM32CubeIDE_1.10.1/STM32CubeIDE/plugins/com.st.stm32cube.ide.mcu.externaltools.gnu-tools-for-stm32.11.3.rel1.win32_1.1.0.202305231506/tools/bin/../lib/gcc/arm-none-eabi/11.3.1/../../../../arm-none-eabi/lib/thumb/v7-m/nofp\libc_nano.a(libc_a-reent.o)
                              ./Middlewares/Third_Party/FreeRTOS/Source/tasks.o (_reclaim_reent)
C:/ST/STM32CubeIDE_1.10.1/STM32CubeIDE/plugins/com.st.stm32cube.ide.mcu.externaltools.gnu-tools-for-stm32.11.3.rel1.win32_1.1.0.202305231506/tools/bin/../lib/gcc/arm-none-eabi/11.3.1/../../../../arm-none-eabi/lib/thumb/v7-m/nofp\libc_nano.a(libc_a-impure.o)
                              ./Middlewares/Third_Party/FreeRTOS/Source/tasks.o (_impure_ptr)
C:/ST/STM32CubeIDE_1.10.1/STM32CubeIDE/plugins/com.st.stm32cube.ide.mcu.externaltools.gnu-tools-for-stm32.11.3.rel1.win32_1.1.0.202305231506/tools/bin/../lib/gcc/arm-none-eabi/11.3.1/../../../../arm-none-eabi/lib/thumb/v7-m/nofp\libc_nano.a(libc_a-lseekr.o)
                              C:/ST/STM32CubeIDE_1.10.1/STM32CubeIDE/plugins/com.st.stm32cube.ide.mcu.externaltools.gnu-tools-for-stm32.11.3.rel1.win32_1.1.0.202305231506/tools/bin/../lib/gcc/arm-none-eabi/11.3.1/../../../../arm-none-eabi/lib/thumb/v7-m/nofp\libc_nano.a(libc_a-stdio.o) (_lseek_r)
C:/ST/STM32CubeIDE_1.10.1/STM32CubeIDE/plugins/com.st.stm32cube.ide.mcu.externaltools.gnu-tools-for-stm32.11.3.rel1.win32_1.1.0.202305231506/tools/bin/../lib/gcc/arm-none-eabi/11.3.1/../../../../arm-none-eabi/lib/thumb/v7-m/nofp\libc_nano.a(libc_a-readr.o)
[...]
Memory Configuration

Name             Origin             Length             Attributes
RAM              0x0000000020000000 0x0000000000005000 xrw
FLASH            0x0000000008000000 0x0000000000010000 xr
*default*        0x0000000000000000 0xffffffffffffffff

Linker script and memory map

LOAD C:/ST/STM32CubeIDE_1.10.1/STM32CubeIDE/plugins/com.st.stm32cube.ide.mcu.externaltools.gnu-tools-for-stm32.11.3.rel1.win32_1.1.0.202305231506/tools/bin/../lib/gcc/arm-none-eabi/11.3.1/thumb/v7-m/nofp/crti.o
LOAD C:/ST/STM32CubeIDE_1.10.1/STM32CubeIDE/plugins/com.st.stm32cube.ide.mcu.externaltools.gnu-tools-for-stm32.11.3.rel1.win32_1.1.0.202305231506/tools/bin/../lib/gcc/arm-none-eabi/11.3.1/thumb/v7-m/nofp/crtbegin.o
LOAD C:/ST/STM32CubeIDE_1.10.1/STM32CubeIDE/plugins/com.st.stm32cube.ide.mcu.externaltools.gnu-tools-for-stm32.11.3.rel1.win32_1.1.0.202305231506/tools/bin/../lib/gcc/arm-none-eabi/11.3.1/../../../../arm-none-eabi/lib/thumb/v7-m/nofp/crt0.o
LOAD ./Core/Src/biquad.o
LOAD ./Core/Src/fft.o
LOAD ./Core/Src/fonts.o
LOAD ./Core/Src/freertos.o
LOAD ./Core/Src/main.o
LOAD ./Core/Src/ssd1306.o
LOAD ./Core/Src/stm32f1xx_hal_msp.o
LOAD ./Core/Src/stm32f1xx_hal_timebase_tim.o
LOAD ./Core/Src/stm32f1xx_it.o
LOAD ./Core/Src/syscalls.o
LOAD ./Core/Src/sysmem.o
LOAD ./Core/Src/system_stm32f1xx.o
LOAD ./Core/Src/user_diskio_spi.o
LOAD ./Core/Startup/startup_stm32f103c8tx.o
LOAD ./Drivers/STM32F1xx_HAL_Driver/Src/stm32f1xx_hal.o
LOAD ./Drivers/STM32F1xx_HAL_Driver/Src/stm32f1xx_hal_cortex.o
LOAD ./Drivers/STM32F1xx_HAL_Driver/Src/stm32f1xx_hal_dma.o
LOAD ./Drivers/STM32F1xx_HAL_Driver/Src/stm32f1xx_hal_exti.o
LOAD ./Drivers/STM32F1xx_HAL_Driver/Src/stm32f1xx_hal_flash.o
LOAD ./Drivers/STM32F1xx_HAL_Driver/Src/stm32f1xx_hal_flash_ex.o
LOAD ./Drivers/STM32F1xx_HAL_Driver/Src/stm32f1xx_hal_gpio.o
LOAD ./Drivers/STM32F1xx_HAL_Driver/Src/stm32f1xx_hal_gpio_ex.o
LOAD ./Drivers/STM32F1xx_HAL_Driver/Src/stm32f1xx_hal_i2c.o
LOAD ./Drivers/STM32F1xx_HAL_Driver/Src/stm32f1xx_hal_pwr.o
LOAD ./Drivers/STM32F1xx_HAL_Driver/Src/stm32f1xx_hal_rcc.o
LOAD ./Drivers/STM32F1xx_HAL_Driver/Src/stm32f1xx_hal_rcc_ex.o
LOAD ./Drivers/STM32F1xx_HAL_Driver/Src/stm32f1xx_hal_spi.o
LOAD ./Drivers/STM32F1xx_HAL_Driver/Src/stm32f1xx_hal_tim.o
LOAD ./Drivers/STM32F1xx_HAL_Driver/Src/stm32f1xx_hal_tim_ex.o
LOAD ./FATFS/App/fatfs.o
LOAD ./FATFS/Target/user_diskio.o
LOAD ./Middlewares/Third_Party/FatFs/src/diskio.o
LOAD ./Middlewares/Third_Party/FatFs/src/ff.o
LOAD ./Middlewares/Third_Party/FatFs/src/ff_gen_drv.o
LOAD ./Middlewares/Third_Party/FatFs/src/option/syscall.o
LOAD ./Middlewares/Third_Party/FreeRTOS/Source/CMSIS_RTOS_V2/cmsis_os2.o
LOAD ./Middlewares/Third_Party/FreeRTOS/Source/croutine.o
LOAD ./Middlewares/Third_Party/FreeRTOS/Source/event_groups.o
LOAD ./Middlewares/Third_Party/FreeRTOS/Source/list.o
LOAD ./Middlewares/Third_Party/FreeRTOS/Source/queue.o
LOAD ./Middlewares/Third_Party/FreeRTOS/Source/stream_buffer.o
LOAD ./Middlewares/Third_Party/FreeRTOS/Source/tasks.o
LOAD ./Middlewares/Third_Party/FreeRTOS/Source/timers.o
LOAD ./Middlewares/Third_Party/FreeRTOS/Source/portable/GCC/ARM_CM3/port.o
LOAD ./Middlewares/Third_Party/FreeRTOS/Source/portable/MemMang/heap_4.o
START GROUP
LOAD C:/ST/STM32CubeIDE_1.10.1/STM32CubeIDE/plugins/com.st.stm32cube.ide.mcu.externaltools.gnu-tools-for-stm32.11.3.rel1.win32_1.1.0.202305231506/tools/bin/../lib/gcc/arm-none-eabi/11.3.1/../../../../arm-none-eabi/lib/thumb/v7-m/nofp\libc_nano.a
LOAD C:/ST/STM32CubeIDE_1.10.1/STM32CubeIDE/plugins/com.st.stm32cube.ide.mcu.externaltools.gnu-tools-for-stm32.11.3.rel1.win32_1.1.0.202305231506/tools/bin/../lib/gcc/arm-none-eabi/11.3.1/../../../../arm-none-eabi/lib/thumb/v7-m/nofp\libm.a
END GROUP
START GROUP
LOAD C:/ST/STM32CubeIDE_1.10.1/STM32CubeIDE/plugins/com.st.stm32cube.ide.mcu.externaltools.gnu-tools-for-stm32.11.3.rel1.win32_1.1.0.202305231506/tools/bin/../lib/gcc/arm-none-eabi/11.3.1/thumb/v7-m/nofp\libgcc.a
LOAD C:/ST/STM32CubeIDE_1.10.1/STM32CubeIDE/plugins/com.st.stm32cube.ide.mcu.externaltools.gnu-tools-for-stm32.11.3.rel1.win32_1.1.0.202305231506/tools/bin/../lib/gcc/arm-none-eabi/11.3.1/../../../../arm-none-eabi/lib/thumb/v7-m/nofp\libc_nano.a
END GROUP
START GROUP
LOAD C:/ST/STM32CubeIDE_1.10.1/STM32CubeIDE/plugins/com.st.stm32cube.ide.mcu.externaltools.gnu-tools-for-stm32.11.3.rel1.win32_1.1.0.202305231506/tools/bin/../lib/gcc/arm-none-eabi/11.3.1/thumb/v7-m/nofp\libgcc.a
LOAD C:/ST/STM32CubeIDE_1.10.1/STM32CubeIDE/plugins/com.st.stm32cube.ide.mcu.externaltools.gnu-tools-for-stm32.11.3.rel1.win32_1.1.0.202305231506/tools/bin/../lib/gcc/arm-none-eabi/11.3.1/../../../../arm-none-eabi/lib/thumb/v7-m/nofp\libc_nano.a
LOAD C:/ST/STM32CubeIDE_1.10.1/STM32CubeIDE/plugins/com.st.stm32cube.ide.mcu.externaltools.gnu-tools-for-stm32.11.3.rel1.win32_1.1.0.202305231506/tools/bin/../lib/gcc/arm-none-eabi/11.3.1/../../../../arm-none-eabi/lib/thumb/v7-m/nofp\libnosys.a
END GROUP
START GROUP
LOAD C:/ST/STM32CubeIDE_1.10.1/STM32CubeIDE/plugins/com.st.stm32cube.ide.mcu.externaltools.gnu-tools-for-stm32.11.3.rel1.win32_1.1.0.202305231506/tools/bin/../lib/gcc/arm-none-eabi/11.3.1/thumb/v7-m/nofp\libgcc.a
LOAD C:/ST/STM32CubeIDE_1.10.1/STM32CubeIDE/plugins/com.st.stm32cube.ide.mcu.externaltools.gnu-tools-for-stm32.11.3.rel1.win32_1.1.0.202305231506/tools/bin/../lib/gcc/arm-none-eabi/11.3.1/../../../../arm-none-eabi/lib/thumb/v7-m/nofp\libc_nano.a
LOAD C:/ST/STM32CubeIDE_1.10.1/STM32CubeIDE/plugins/com.st.stm32cube.ide.mcu.externaltools.gnu-tools-for-stm32.11.3.rel1.win32_1.1.0.202305231506/tools/bin/../lib/gcc/arm-none-eabi/11.3.1/../../../../arm-none-eabi/lib/thumb/v7-m/nofp\libnosys.a
END GROUP
LOAD C:/ST/STM32CubeIDE_1.10.1/STM32CubeIDE/plugins/com.st.stm32cube.ide.mcu.externaltools.gnu-tools-for-stm32.11.3.rel1.win32_1.1.0.202305231506/tools/bin/../lib/gcc/arm-none-eabi/11.3.1/thumb/v7-m/nofp/crtend.o
LOAD C:/ST/STM32CubeIDE_1.10.1/STM32CubeIDE/plugins/com.st.stm32cube.ide.mcu.externaltools.gnu-tools-for-stm32.11.3.rel1.win32_1.1.0.202305231506/tools/bin/../lib/gcc/arm-none-eabi/11.3.1/thumb/v7-m/nofp/crtn.o
                0x0000000020005000                _estack = (ORIGIN (RAM) + LENGTH (RAM))
                0x0000000000000200                _Min_Heap_Size = 0x200
                0x0000000000000400                _Min_Stack_Size = 0x400

.isr_vector     0x0000000008000000      0x10c
                0x0000000008000000                . = ALIGN (0x4)
 *(.isr_vector)
 .isr_vector    0x0000000008000000      0x10c ./Core/Startup/startup_stm32f103c8tx.o
                0x0000000008000000                g_pfnVectors
                0x000000000800010c                . = ALIGN (0x4)

.text           0x0000000008000110     0xdb3c
                0x0000000008000110                . = ALIGN (0x4)
 *(.text)
 .text          0x0000000008000110       0x40 C:/ST/STM32CubeIDE_1.10.1/STM32CubeIDE/plugins/com.st.stm32cube.ide.mcu.externaltools.gnu-tools-for-stm32.11.3.rel1.win32_1.1.0.202305231506/tools/bin/../lib/gcc/arm-none-eabi/11.3.1/thumb/v7-m/nofp/crtbegin.o
 .text          0x0000000008000150      0x254 C:/ST/STM32CubeIDE_1.10.1/STM32CubeIDE/plugins/com.st.stm32cube.ide.mcu.externaltools.gnu-tools-for-stm32.11.3.rel1.win32_1.1.0.202305231506/tools/bin/../lib/gcc/arm-none-eabi/11.3.1/thumb/v7-m/nofp\libgcc.a(_arm_muldf3.o)
                0x0000000008000150                __muldf3
                0x0000000008000150                __aeabi_dmul
 .text          0x00000000080003a4      0x378 C:/ST/STM32CubeIDE_1.10.1/STM32CubeIDE/plugins/com.st.stm32cube.ide.mcu.externaltools.gnu-tools-for-stm32.11.3.rel1.win32_1.1.0.202305231506/tools/bin/../lib/gcc/arm-none-eabi/11.3.1/thumb/v7-m/nofp\libgcc.a(_arm_addsubdf3.o)
                0x00000000080003a4                __aeabi_drsub
                0x00000000080003ac                __aeabi_dsub
                0x00000000080003ac                __subdf3
                0x00000000080003b0                __aeabi_dadd
                0x00000000080003b0                __adddf3
                0x0000000008000628                __floatunsidf
                0x0000000008000628                __aeabi_ui2d
                0x0000000008000648                __floatsidf
                0x0000000008000648                __aeabi_i2d
                0x000000000800066c                __aeabi_f2d
                0x000000000800066c                __extendsfdf2
                0x00000000080006b0                __floatundidf
                0x00000000080006b0                __aeabi_ul2d
                0x00000000080006c0                __floatdidf
                0x00000000080006c0                __aeabi_l2d
 .text          0x000000000800071c       0xa0 C:/ST/STM32CubeIDE_1.10.1/STM32CubeIDE/plugins/com.st.stm32cube.ide.mcu.externaltools.gnu-tools-for-stm32.11.3.rel1.win32_1.1.0.202305231506/tools/bin/../lib/gcc/arm-none-eabi/11.3.1/thumb/v7-m/nofp\libgcc.a(_arm_truncdfsf2.o)
                0x000000000800071c                __truncdfsf2
                0x000000000800071c                __aeabi_d2f
 .text          0x00000000080007bc      0x21c C:/ST/STM32CubeIDE_1.10.1/STM32CubeIDE/plugins/com.st.stm32cube.ide.mcu.externaltools.gnu-tools-for-stm32.11.3.rel1.win32_1.1.0.202305231506/tools/bin/../lib/gcc/arm-none-eabi/11.3.1/thumb/v7-m/nofp\libgcc.a(_arm_addsubsf3.o)
                0x00000000080007bc                __aeabi_frsub
                0x00000000080007c4                __subsf3
                0x00000000080007c4                __aeabi_fsub
                0x00000000080007c8                __aeabi_fadd
                0x00000000080007c8                __addsf3
                0x0000000008000928                __aeabi_ui2f
                0x0000000008000928                __floatunsisf
                0x0000000008000930                __aeabi_i2f
                0x0000000008000930                __floatsisf
                0x000000000800094c                __aeabi_ul2f
                0x000000000800094c                __floatundisf
                0x000000000800095c                __aeabi_l2f
                0x000000000800095c                __floatdisf
 .text          0x00000000080009d8      0x2a0 C:/ST/STM32CubeIDE_1.10.1/STM32CubeIDE/plugins/com.st.stm32cube.ide.mcu.externaltools.gnu-tools-for-stm32.11.3.rel1.win32_1.1.0.202305231506/tools/bin/../lib/gcc/arm-none-eabi/11.3.1/thumb/v7-m/nofp\libgcc.a(_arm_muldivsf3.o)
                0x00000000080009d8                __mulsf3
                0x00000000080009d8                __aeabi_fmul
                0x0000000008000b40                __aeabi_fdiv
                0x0000000008000b40                __divsf3
 .text          0x0000000008000c78       0xec C:/ST/STM32CubeIDE_1.10.1/STM32CubeIDE/plugins/com.st.stm32cube.ide.mcu.externaltools.gnu-tools-for-stm32.11.3.rel1.win32_1.1.0.202305231506/tools/bin/../lib/gcc/arm-none-eabi/11.3.1/thumb/v7-m/nofp\libgcc.a(_arm_cmpsf2.o)
                0x0000000008000c78                __gesf2
                0x0000000008000c78                __gtsf2
                0x0000000008000c80                __lesf2
                0x0000000008000c80                __ltsf2
                0x0000000008000c88                __nesf2
                0x0000000008000c88                __eqsf2
                0x0000000008000c88                __cmpsf2
                0x0000000008000ce8                __aeabi_cfrcmple
                0x0000000008000cf0                __aeabi_cfcmpeq
                0x0000000008000cf0                __aeabi_cfcmple
                0x0000000008000d00                __aeabi_fcmpeq
                0x0000000008000d14                __aeabi_fcmplt
                0x0000000008000d28                __aeabi_fcmple
                0x0000000008000d3c                __aeabi_fcmpge
                0x0000000008000d50                __aeabi_fcmpgt
 .text          0x0000000008000d64       0x2c C:/ST/STM32CubeIDE_1.10.1/STM32CubeIDE/plugins/com.st.stm32cube.ide.mcu.externaltools.gnu-tools-for-stm32.11.3.rel1.win32_1.1.0.202305231506/tools/bin/../lib/gcc/arm-none-eabi/11.3.1/thumb/v7-m/nofp\libgcc.a(_arm_unordsf2.o)
                0x0000000008000d64                __unordsf2
                0x0000000008000d64                __aeabi_fcmpun
 .text          0x0000000008000d90       0x4c C:/ST/STM32CubeIDE_1.10.1/STM32CubeIDE/plugins/com.st.stm32cube.ide.mcu.externaltools.gnu-tools-for-stm32.11.3.rel1.win32_1.1.0.202305231506/tools/bin/../lib/gcc/arm-none-eabi/11.3.1/thumb/v7-m/nofp\libgcc.a(_arm_fixsfsi.o)
                0x0000000008000d90                __aeabi_f2iz
                0x0000000008000d90                __fixsfsi
 .text          0x0000000008000ddc       0x40 C:/ST/STM32CubeIDE_1.10.1/STM32CubeIDE/plugins/com.st.stm32cube.ide.mcu.externaltools.gnu-tools-for-stm32.11.3.rel1.win32_1.1.0.202305231506/tools/bin/../lib/gcc/arm-none-eabi/11.3.1/thumb/v7-m/nofp\libgcc.a(_arm_fixunssfsi.o)
                0x0000000008000ddc                __fixunssfsi
                0x0000000008000ddc                __aeabi_f2uiz
 *(.text*)
 .text.BiQuad   0x0000000008000e1c       0xb8 ./Core/Src/biquad.o
                0x0000000008000e1c                BiQuad
 .text.FFT      0x0000000008000ed4      0x26c ./Core/Src/fft.o
                0x0000000008000ed4                FFT
 .text.vApplicationStackOverflowHook
                0x0000000008001140       0x14 ./Core/Src/freertos.o
                0x0000000008001140                vApplicationStackOverflowHook
 .text.callback_in
                0x0000000008001154       0x60 ./Core/Src/main.o
                0x0000000008001154                callback_in
 .text.callback_out
                0x00000000080011b4       0x60 ./Core/Src/main.o
                0x00000000080011b4                callback_out
 .text.main     0x0000000008001214       0xd4 ./Core/Src/main.o
                0x0000000008001214                main
 .text.SystemClock_Config
                0x00000000080012e8       0x8a ./Core/Src/main.o
                0x00000000080012e8                SystemClock_Config
 *fill*         0x0000000008001372        0x2 
 .text.MX_I2C1_Init
                0x0000000008001374       0x5c ./Core/Src/main.o
 .text.MX_SPI2_Init
                0x00000000080013d0       0x6c ./Core/Src/main.o
 .text.MX_TIM2_Init
                0x000000000800143c       0x98 ./Core/Src/main.o
 .text.MX_TIM3_Init
                0x00000000080014d4       0xb0 ./Core/Src/main.o
 .text.MX_GPIO_Init
                0x0000000008001584      0x11c ./Core/Src/main.o
 .text.ADC1_in_NoHAL
                0x00000000080016a0       0xb8 ./Core/Src/main.o
                0x00000000080016a0                ADC1_in_NoHAL
 .text.calcular_barras_fft
                0x0000000008001758      0x144 ./Core/Src/main.o
                0x0000000008001758                calcular_barras_fft
 .text.StartDefaultTask
                0x000000000800189c       0x10 ./Core/Src/main.o
                0x000000000800189c                StartDefaultTask
 *fill*         0x00000000080018ac        0x4 
 .text.leerboton
                0x00000000080018b0      0x154 ./Core/Src/main.o
                0x00000000080018b0                leerboton
 .text.pantalla
                0x0000000008001a04      0x250 ./Core/Src/main.o
                0x0000000008001a04                pantalla
 .text.lectura_sd
                0x0000000008001c54      0x320 ./Core/Src/main.o
                0x0000000008001c54                lectura_sd
 .text.HAL_TIM_PeriodElapsedCallback
                0x0000000008001f74       0xbc ./Core/Src/main.o
                0x0000000008001f74                HAL_TIM_PeriodElapsedCallback
 .text.Error_Handler
                0x0000000008002030        0xa ./Core/Src/main.o
                0x0000000008002030                Error_Handler
 .text.assert_failed
                0x000000000800203a       0x14 ./Core/Src/main.o
                0x000000000800203a                assert_failed
 *fill*         0x000000000800204e        0x2 
 .text.SSD1306_Init
                0x0000000008002050      0x188 ./Core/Src/ssd1306.o
                0x0000000008002050                SSD1306_Init
 .text.SSD1306_UpdateScreen
                0x00000000080021d8       0x5c ./Core/Src/ssd1306.o
                0x00000000080021d8                SSD1306_UpdateScreen
 .text.SSD1306_Fill
                0x0000000008002234       0x30 ./Core/Src/ssd1306.o
                0x0000000008002234                SSD1306_Fill
 .text.SSD1306_DrawPixel
                0x0000000008002264       0xbc ./Core/Src/ssd1306.o
                0x0000000008002264                SSD1306_DrawPixel
 .text.SSD1306_GotoXY
                0x0000000008002320       0x2c ./Core/Src/ssd1306.o
                0x0000000008002320                SSD1306_GotoXY
 .text.SSD1306_Putc
                0x000000000800234c      0x100 ./Core/Src/ssd1306.o
                0x000000000800234c                SSD1306_Putc
 .text.SSD1306_Puts
                0x000000000800244c       0x4a ./Core/Src/ssd1306.o
                0x000000000800244c                SSD1306_Puts
 .text.SSD1306_DrawLine
                0x0000000008002496      0x1f6 ./Core/Src/ssd1306.o
                0x0000000008002496                SSD1306_DrawLine
 .text.SSD1306_DrawFilledRectangle
                0x000000000800268c       0x9a ./Core/Src/ssd1306.o
                0x000000000800268c                SSD1306_DrawFilledRectangle
 *fill*         0x0000000008002726        0x2 
 .text.ssd1306_I2C_Init
                0x0000000008002728       0x28 ./Core/Src/ssd1306.o
                0x0000000008002728                ssd1306_I2C_Init
 .text.ssd1306_I2C_WriteMulti
                0x0000000008002750       0xcc ./Core/Src/ssd1306.o
                0x0000000008002750                ssd1306_I2C_WriteMulti
 .text.ssd1306_I2C_Write
                0x000000000800281c       0x3c ./Core/Src/ssd1306.o
                0x000000000800281c                ssd1306_I2C_Write
 .text.HAL_MspInit
                0x0000000008002858       0x70 ./Core/Src/stm32f1xx_hal_msp.o
                0x0000000008002858                HAL_MspInit
 .text.HAL_I2C_MspInit
                0x00000000080028c8       0xa0 ./Core/Src/stm32f1xx_hal_msp.o
                0x00000000080028c8                HAL_I2C_MspInit
 .text.HAL_SPI_MspInit
                0x0000000008002968       0x98 ./Core/Src/stm32f1xx_hal_msp.o
                0x0000000008002968                HAL_SPI_MspInit
 .text.HAL_TIM_Base_MspInit
                0x0000000008002a00       0x48 ./Core/Src/stm32f1xx_hal_msp.o
                0x0000000008002a00                HAL_TIM_Base_MspInit
 .text.HAL_TIM_PWM_MspInit
                0x0000000008002a48       0x3c ./Core/Src/stm32f1xx_hal_msp.o
                0x0000000008002a48                HAL_TIM_PWM_MspInit
 .text.HAL_TIM_MspPostInit
                0x0000000008002a84       0x64 ./Core/Src/stm32f1xx_hal_msp.o
                0x0000000008002a84                HAL_TIM_MspPostInit
 .text.HAL_InitTick
                0x0000000008002ae8       0xfc ./Core/Src/stm32f1xx_hal_timebase_tim.o
                0x0000000008002ae8                HAL_InitTick
 .text.NMI_Handler
                0x0000000008002be4        0x6 ./Core/Src/stm32f1xx_it.o
                0x0000000008002be4                NMI_Handler
 .text.HardFault_Handler
                0x0000000008002bea        0x6 ./Core/Src/stm32f1xx_it.o
                0x0000000008002bea                HardFault_Handler
 .text.MemManage_Handler
                0x0000000008002bf0        0x6 ./Core/Src/stm32f1xx_it.o
                0x0000000008002bf0                MemManage_Handler
 .text.BusFault_Handler
                0x0000000008002bf6        0x6 ./Core/Src/stm32f1xx_it.o
                0x0000000008002bf6                BusFault_Handler
 .text.UsageFault_Handler
                0x0000000008002bfc        0x6 ./Core/Src/stm32f1xx_it.o
                0x0000000008002bfc                UsageFault_Handler
 .text.DebugMon_Handler
                0x0000000008002c02        0xc ./Core/Src/stm32f1xx_it.o
                0x0000000008002c02                DebugMon_Handler
 *fill*         0x0000000008002c0e        0x2 
 .text.TIM2_IRQHandler
                0x0000000008002c10       0x14 ./Core/Src/stm32f1xx_it.o
                0x0000000008002c10                TIM2_IRQHandler
 .text.TIM4_IRQHandler
                0x0000000008002c24       0x14 ./Core/Src/stm32f1xx_it.o
                0x0000000008002c24                TIM4_IRQHandler
 .text.SystemInit
                0x0000000008002c38        0xc ./Core/Src/system_stm32f1xx.o
                0x0000000008002c38                SystemInit
 .text.SPI_Timer_On
                0x0000000008002c44       0x28 ./Core/Src/user_diskio_spi.o
                0x0000000008002c44                SPI_Timer_On
 .text.SPI_Timer_Status
                0x0000000008002c6c       0x2c ./Core/Src/user_diskio_spi.o
                0x0000000008002c6c                SPI_Timer_Status
 .text.xchg_spi
                0x0000000008002c98       0x2c ./Core/Src/user_diskio_spi.o
 .text.rcvr_spi_multi
                0x0000000008002cc4       0x2c ./Core/Src/user_diskio_spi.o
 .text.xmit_spi_multi
                0x0000000008002cf0       0x36 ./Core/Src/user_diskio_spi.o
 .text.wait_ready
                0x0000000008002d26       0x46 ./Core/Src/user_diskio_spi.o
 .text.despiselect
                0x0000000008002d6c       0x1c ./Core/Src/user_diskio_spi.o
 .text.spiselect
                0x0000000008002d88       0x34 ./Core/Src/user_diskio_spi.o
 .text.rcvr_datablock
                0x0000000008002dbc       0x52 ./Core/Src/user_diskio_spi.o
 .text.xmit_datablock
                0x0000000008002e0e       0x64 ./Core/Src/user_diskio_spi.o
 .text.send_cmd
                0x0000000008002e72       0xde ./Core/Src/user_diskio_spi.o
 .text.USER_SPI_initialize
                0x0000000008002f50      0x1d4 ./Core/Src/user_diskio_spi.o
                0x0000000008002f50                USER_SPI_initialize
 .text.USER_SPI_status
                0x0000000008003124       0x28 ./Core/Src/user_diskio_spi.o
                0x0000000008003124                USER_SPI_status
 .text.USER_SPI_read
                0x000000000800314c       0xcc ./Core/Src/user_diskio_spi.o
                0x000000000800314c                USER_SPI_read
 .text.USER_SPI_write
                0x0000000008003218       0xf8 ./Core/Src/user_diskio_spi.o
                0x0000000008003218                USER_SPI_write
 .text.USER_SPI_ioctl
                0x0000000008003310      0x2e0 ./Core/Src/user_diskio_spi.o
                0x0000000008003310                USER_SPI_ioctl
 .text.Reset_Handler
                0x00000000080035f0       0x48 ./Core/Startup/startup_stm32f103c8tx.o
                0x00000000080035f0                Reset_Handler
 .text.Default_Handler
                0x0000000008003638        0x2 ./Core/Startup/startup_stm32f103c8tx.o
                0x0000000008003638                RTC_Alarm_IRQHandler
                0x0000000008003638                EXTI2_IRQHandler
                0x0000000008003638                TIM1_CC_IRQHandler
                0x0000000008003638                PVD_IRQHandler
                0x0000000008003638                EXTI3_IRQHandler
                0x0000000008003638                EXTI0_IRQHandler
                0x0000000008003638                I2C2_EV_IRQHandler
                0x0000000008003638                ADC1_2_IRQHandler
                0x0000000008003638                SPI1_IRQHandler
                0x0000000008003638                TAMPER_IRQHandler
                0x0000000008003638                DMA1_Channel4_IRQHandler
                0x0000000008003638                USART3_IRQHandler
                0x0000000008003638                RTC_IRQHandler
                0x0000000008003638                DMA1_Channel7_IRQHandler
                0x0000000008003638                CAN1_RX1_IRQHandler
                0x0000000008003638                I2C1_EV_IRQHandler
                0x0000000008003638                DMA1_Channel6_IRQHandler
                0x0000000008003638                TIM3_IRQHandler
                0x0000000008003638                RCC_IRQHandler
                0x0000000008003638                TIM1_TRG_COM_IRQHandler
                0x0000000008003638                DMA1_Channel1_IRQHandler
                0x0000000008003638                Default_Handler
                0x0000000008003638                EXTI15_10_IRQHandler
                0x0000000008003638                EXTI9_5_IRQHandler
                0x0000000008003638                SPI2_IRQHandler
                0x0000000008003638                DMA1_Channel5_IRQHandler
                0x0000000008003638                EXTI4_IRQHandler
                0x0000000008003638                USB_LP_CAN1_RX0_IRQHandler
                0x0000000008003638                USB_HP_CAN1_TX_IRQHandler
                0x0000000008003638                DMA1_Channel3_IRQHandler
                0x0000000008003638                TIM1_UP_IRQHandler
                0x0000000008003638                WWDG_IRQHandler
                0x0000000008003638                TIM1_BRK_IRQHandler
                0x0000000008003638                EXTI1_IRQHandler
                0x0000000008003638                USART2_IRQHandler
                0x0000000008003638                I2C2_ER_IRQHandler
                0x0000000008003638                DMA1_Channel2_IRQHandler
                0x0000000008003638                CAN1_SCE_IRQHandler
                0x0000000008003638                FLASH_IRQHandler
                0x0000000008003638                USART1_IRQHandler
                0x0000000008003638                I2C1_ER_IRQHandler
                0x0000000008003638                USBWakeUp_IRQHandler
 *fill*         0x000000000800363a        0x2 
 .text.HAL_Init
                0x000000000800363c       0x2c ./Drivers/STM32F1xx_HAL_Driver/Src/stm32f1xx_hal.o
                0x000000000800363c                HAL_Init
 .text.HAL_IncTick
                0x0000000008003668       0x24 ./Drivers/STM32F1xx_HAL_Driver/Src/stm32f1xx_hal.o
                0x0000000008003668                HAL_IncTick
 .text.HAL_GetTick
                0x000000000800368c       0x14 ./Drivers/STM32F1xx_HAL_Driver/Src/stm32f1xx_hal.o
                0x000000000800368c                HAL_GetTick
 .text.__NVIC_SetPriorityGrouping
                0x00000000080036a0       0x48 ./Drivers/STM32F1xx_HAL_Driver/Src/stm32f1xx_hal_cortex.o
 .text.__NVIC_GetPriorityGrouping
                0x00000000080036e8       0x1c ./Drivers/STM32F1xx_HAL_Driver/Src/stm32f1xx_hal_cortex.o
 .text.__NVIC_EnableIRQ
                0x0000000008003704       0x38 ./Drivers/STM32F1xx_HAL_Driver/Src/stm32f1xx_hal_cortex.o
 .text.__NVIC_SetPriority
                0x000000000800373c       0x54 ./Drivers/STM32F1xx_HAL_Driver/Src/stm32f1xx_hal_cortex.o
 .text.NVIC_EncodePriority
                0x0000000008003790       0x64 ./Drivers/STM32F1xx_HAL_Driver/Src/stm32f1xx_hal_cortex.o
 .text.HAL_NVIC_SetPriorityGrouping
                0x00000000080037f4       0x40 ./Drivers/STM32F1xx_HAL_Driver/Src/stm32f1xx_hal_cortex.o
                0x00000000080037f4                HAL_NVIC_SetPriorityGrouping
 .text.HAL_NVIC_SetPriority
                0x0000000008003834       0x58 ./Drivers/STM32F1xx_HAL_Driver/Src/stm32f1xx_hal_cortex.o
                0x0000000008003834                HAL_NVIC_SetPriority
 .text.HAL_NVIC_EnableIRQ
                0x000000000800388c       0x30 ./Drivers/STM32F1xx_HAL_Driver/Src/stm32f1xx_hal_cortex.o
                0x000000000800388c                HAL_NVIC_EnableIRQ
 .text.HAL_GPIO_Init
                0x00000000080038bc      0x4dc ./Drivers/STM32F1xx_HAL_Driver/Src/stm32f1xx_hal_gpio.o
                0x00000000080038bc                HAL_GPIO_Init
 .text.HAL_GPIO_ReadPin
                0x0000000008003d98       0x4c ./Drivers/STM32F1xx_HAL_Driver/Src/stm32f1xx_hal_gpio.o
                0x0000000008003d98                HAL_GPIO_ReadPin
 .text.HAL_GPIO_WritePin
                0x0000000008003de4       0x64 ./Drivers/STM32F1xx_HAL_Driver/Src/stm32f1xx_hal_gpio.o
                0x0000000008003de4                HAL_GPIO_WritePin
 .text.HAL_I2C_Init
                0x0000000008003e48      0x388 ./Drivers/STM32F1xx_HAL_Driver/Src/stm32f1xx_hal_i2c.o
                0x0000000008003e48                HAL_I2C_Init
 .text.HAL_I2C_Master_Transmit
                0x00000000080041d0      0x1fc ./Drivers/STM32F1xx_HAL_Driver/Src/stm32f1xx_hal_i2c.o
                0x00000000080041d0                HAL_I2C_Master_Transmit
 .text.HAL_I2C_IsDeviceReady
                0x00000000080043cc      0x25c ./Drivers/STM32F1xx_HAL_Driver/Src/stm32f1xx_hal_i2c.o
                0x00000000080043cc                HAL_I2C_IsDeviceReady
 .text.I2C_MasterRequestWrite
                0x0000000008004628      0x104 ./Drivers/STM32F1xx_HAL_Driver/Src/stm32f1xx_hal_i2c.o
 .text.I2C_WaitOnFlagUntilTimeout
                0x000000000800472c       0xf4 ./Drivers/STM32F1xx_HAL_Driver/Src/stm32f1xx_hal_i2c.o
 .text.I2C_WaitOnMasterAddressFlagUntilTimeout
                0x0000000008004820      0x140 ./Drivers/STM32F1xx_HAL_Driver/Src/stm32f1xx_hal_i2c.o
 .text.I2C_WaitOnTXEFlagUntilTimeout
                0x0000000008004960       0x90 ./Drivers/STM32F1xx_HAL_Driver/Src/stm32f1xx_hal_i2c.o
 .text.I2C_WaitOnBTFFlagUntilTimeout
                0x00000000080049f0       0x90 ./Drivers/STM32F1xx_HAL_Driver/Src/stm32f1xx_hal_i2c.o
 .text.I2C_IsAcknowledgeFailed
                0x0000000008004a80       0x5c ./Drivers/STM32F1xx_HAL_Driver/Src/stm32f1xx_hal_i2c.o
 .text.HAL_RCC_OscConfig
                0x0000000008004adc      0x6dc ./Drivers/STM32F1xx_HAL_Driver/Src/stm32f1xx_hal_rcc.o
                0x0000000008004adc                HAL_RCC_OscConfig
 .text.HAL_RCC_ClockConfig
                0x00000000080051b8      0x320 ./Drivers/STM32F1xx_HAL_Driver/Src/stm32f1xx_hal_rcc.o
                0x00000000080051b8                HAL_RCC_ClockConfig
 .text.HAL_RCC_GetSysClockFreq
                0x00000000080054d8       0xa8 ./Drivers/STM32F1xx_HAL_Driver/Src/stm32f1xx_hal_rcc.o
                0x00000000080054d8                HAL_RCC_GetSysClockFreq
 .text.HAL_RCC_GetHCLKFreq
                0x0000000008005580       0x14 ./Drivers/STM32F1xx_HAL_Driver/Src/stm32f1xx_hal_rcc.o
                0x0000000008005580                HAL_RCC_GetHCLKFreq
 .text.HAL_RCC_GetPCLK1Freq
                0x0000000008005594       0x28 ./Drivers/STM32F1xx_HAL_Driver/Src/stm32f1xx_hal_rcc.o
                0x0000000008005594                HAL_RCC_GetPCLK1Freq
 .text.HAL_RCC_GetClockConfig
                0x00000000080055bc       0x84 ./Drivers/STM32F1xx_HAL_Driver/Src/stm32f1xx_hal_rcc.o
                0x00000000080055bc                HAL_RCC_GetClockConfig
 .text.RCC_Delay
                0x0000000008005640       0x3c ./Drivers/STM32F1xx_HAL_Driver/Src/stm32f1xx_hal_rcc.o
 .text.HAL_SPI_Init
                0x000000000800567c      0x2fc ./Drivers/STM32F1xx_HAL_Driver/Src/stm32f1xx_hal_spi.o
                0x000000000800567c                HAL_SPI_Init
 .text.HAL_SPI_TransmitReceive
                0x0000000008005978      0x378 ./Drivers/STM32F1xx_HAL_Driver/Src/stm32f1xx_hal_spi.o
                0x0000000008005978                HAL_SPI_TransmitReceive
 .text.SPI_WaitFlagStateUntilTimeout
                0x0000000008005cf0      0x110 ./Drivers/STM32F1xx_HAL_Driver/Src/stm32f1xx_hal_spi.o
 .text.SPI_EndRxTxTransaction
                0x0000000008005e00       0x3c ./Drivers/STM32F1xx_HAL_Driver/Src/stm32f1xx_hal_spi.o
 .text.HAL_TIM_Base_Init
                0x0000000008005e3c      0x170 ./Drivers/STM32F1xx_HAL_Driver/Src/stm32f1xx_hal_tim.o
                0x0000000008005e3c                HAL_TIM_Base_Init
 .text.HAL_TIM_Base_Start_IT
                0x0000000008005fac       0xd8 ./Drivers/STM32F1xx_HAL_Driver/Src/stm32f1xx_hal_tim.o
                0x0000000008005fac                HAL_TIM_Base_Start_IT
 .text.HAL_TIM_PWM_Init
                0x0000000008006084      0x170 ./Drivers/STM32F1xx_HAL_Driver/Src/stm32f1xx_hal_tim.o
                0x0000000008006084                HAL_TIM_PWM_Init
 .text.HAL_TIM_PWM_Start
                0x00000000080061f4      0x1dc ./Drivers/STM32F1xx_HAL_Driver/Src/stm32f1xx_hal_tim.o
                0x00000000080061f4                HAL_TIM_PWM_Start
 .text.HAL_TIM_IRQHandler
                0x00000000080063d0      0x210 ./Drivers/STM32F1xx_HAL_Driver/Src/stm32f1xx_hal_tim.o
                0x00000000080063d0                HAL_TIM_IRQHandler
 .text.HAL_TIM_PWM_ConfigChannel
                0x00000000080065e0      0x2e4 ./Drivers/STM32F1xx_HAL_Driver/Src/stm32f1xx_hal_tim.o
                0x00000000080065e0                HAL_TIM_PWM_ConfigChannel
 .text.HAL_TIM_ConfigClockSource
                0x00000000080068c4      0x564 ./Drivers/STM32F1xx_HAL_Driver/Src/stm32f1xx_hal_tim.o
                0x00000000080068c4                HAL_TIM_ConfigClockSource
 .text.HAL_TIM_OC_DelayElapsedCallback
                0x0000000008006e28       0x12 ./Drivers/STM32F1xx_HAL_Driver/Src/stm32f1xx_hal_tim.o
                0x0000000008006e28                HAL_TIM_OC_DelayElapsedCallback
 .text.HAL_TIM_IC_CaptureCallback
                0x0000000008006e3a       0x12 ./Drivers/STM32F1xx_HAL_Driver/Src/stm32f1xx_hal_tim.o
                0x0000000008006e3a                HAL_TIM_IC_CaptureCallback
 .text.HAL_TIM_PWM_PulseFinishedCallback
                0x0000000008006e4c       0x12 ./Drivers/STM32F1xx_HAL_Driver/Src/stm32f1xx_hal_tim.o
                0x0000000008006e4c                HAL_TIM_PWM_PulseFinishedCallback
 .text.HAL_TIM_TriggerCallback
                0x0000000008006e5e       0x12 ./Drivers/STM32F1xx_HAL_Driver/Src/stm32f1xx_hal_tim.o
                0x0000000008006e5e                HAL_TIM_TriggerCallback
 .text.TIM_Base_SetConfig
                0x0000000008006e70       0xc4 ./Drivers/STM32F1xx_HAL_Driver/Src/stm32f1xx_hal_tim.o
                0x0000000008006e70                TIM_Base_SetConfig
 .text.TIM_OC1_SetConfig
                0x0000000008006f34      0x120 ./Drivers/STM32F1xx_HAL_Driver/Src/stm32f1xx_hal_tim.o
 .text.TIM_OC2_SetConfig
                0x0000000008007054      0x128 ./Drivers/STM32F1xx_HAL_Driver/Src/stm32f1xx_hal_tim.o
                0x0000000008007054                TIM_OC2_SetConfig
 .text.TIM_OC3_SetConfig
                0x000000000800717c      0x128 ./Drivers/STM32F1xx_HAL_Driver/Src/stm32f1xx_hal_tim.o
 .text.TIM_OC4_SetConfig
                0x00000000080072a4       0xbc ./Drivers/STM32F1xx_HAL_Driver/Src/stm32f1xx_hal_tim.o
 .text.TIM_TI1_ConfigInputStage
                0x0000000008007360       0x5c ./Drivers/STM32F1xx_HAL_Driver/Src/stm32f1xx_hal_tim.o
 .text.TIM_TI2_ConfigInputStage
                0x00000000080073bc       0x5e ./Drivers/STM32F1xx_HAL_Driver/Src/stm32f1xx_hal_tim.o
 .text.TIM_ITRx_SetConfig
                0x000000000800741a       0x34 ./Drivers/STM32F1xx_HAL_Driver/Src/stm32f1xx_hal_tim.o
 .text.TIM_ETR_SetConfig
                0x000000000800744e       0x3e ./Drivers/STM32F1xx_HAL_Driver/Src/stm32f1xx_hal_tim.o
                0x000000000800744e                TIM_ETR_SetConfig
 .text.TIM_CCxChannelCmd
                0x000000000800748c       0xa8 ./Drivers/STM32F1xx_HAL_Driver/Src/stm32f1xx_hal_tim.o
                0x000000000800748c                TIM_CCxChannelCmd
 .text.HAL_TIMEx_MasterConfigSynchronization
                0x0000000008007534      0x154 ./Drivers/STM32F1xx_HAL_Driver/Src/stm32f1xx_hal_tim_ex.o
                0x0000000008007534                HAL_TIMEx_MasterConfigSynchronization
 .text.HAL_TIMEx_CommutCallback
                0x0000000008007688       0x12 ./Drivers/STM32F1xx_HAL_Driver/Src/stm32f1xx_hal_tim_ex.o
                0x0000000008007688                HAL_TIMEx_CommutCallback
 .text.HAL_TIMEx_BreakCallback
                0x000000000800769a       0x12 ./Drivers/STM32F1xx_HAL_Driver/Src/stm32f1xx_hal_tim_ex.o
                0x000000000800769a                HAL_TIMEx_BreakCallback
 .text.MX_FATFS_Init
                0x00000000080076ac       0x24 ./FATFS/App/fatfs.o
                0x00000000080076ac                MX_FATFS_Init
 .text.get_fattime
                0x00000000080076d0        0xe ./FATFS/App/fatfs.o
                0x00000000080076d0                get_fattime
 .text.USER_initialize
                0x00000000080076de       0x1c ./FATFS/Target/user_diskio.o
                0x00000000080076de                USER_initialize
 .text.USER_status
                0x00000000080076fa       0x1c ./FATFS/Target/user_diskio.o
                0x00000000080076fa                USER_status
 .text.USER_read
                0x0000000008007716       0x26 ./FATFS/Target/user_diskio.o
                0x0000000008007716                USER_read
 .text.USER_write
                0x000000000800773c       0x26 ./FATFS/Target/user_diskio.o
                0x000000000800773c                USER_write
 .text.USER_ioctl
                0x0000000008007762       0x26 ./FATFS/Target/user_diskio.o
                0x0000000008007762                USER_ioctl
 .text.disk_status
                0x0000000008007788       0x34 ./Middlewares/Third_Party/FatFs/src/diskio.o
                0x0000000008007788                disk_status
 .text.disk_initialize
                0x00000000080077bc       0x4c ./Middlewares/Third_Party/FatFs/src/diskio.o
                0x00000000080077bc                disk_initialize
 .text.disk_read
                0x0000000008007808       0x40 ./Middlewares/Third_Party/FatFs/src/diskio.o
                0x0000000008007808                disk_read
 .text.disk_write
                0x0000000008007848       0x40 ./Middlewares/Third_Party/FatFs/src/diskio.o
                0x0000000008007848                disk_write
 .text.disk_ioctl
                0x0000000008007888       0x3c ./Middlewares/Third_Party/FatFs/src/diskio.o
                0x0000000008007888                disk_ioctl
 .text.mem_cpy  0x00000000080078c4       0x3c ./Middlewares/Third_Party/FatFs/src/ff.o
 .text.mem_set  0x0000000008007900       0x34 ./Middlewares/Third_Party/FatFs/src/ff.o
 .text.mem_cmp  0x0000000008007934       0x4c ./Middlewares/Third_Party/FatFs/src/ff.o
 .text.chk_chr  0x0000000008007980       0x34 ./Middlewares/Third_Party/FatFs/src/ff.o
 .text.chk_lock
                0x00000000080079b4       0xd8 ./Middlewares/Third_Party/FatFs/src/ff.o
 .text.enq_lock
                0x0000000008007a8c       0x48 ./Middlewares/Third_Party/FatFs/src/ff.o
 .text.inc_lock
                0x0000000008007ad4      0x16c ./Middlewares/Third_Party/FatFs/src/ff.o
 .text.dec_lock
                0x0000000008007c40       0x88 ./Middlewares/Third_Party/FatFs/src/ff.o
 .text.clear_lock
                0x0000000008007cc8       0x54 ./Middlewares/Third_Party/FatFs/src/ff.o
 .text.sync_window
                0x0000000008007d1c       0x92 ./Middlewares/Third_Party/FatFs/src/ff.o
 .text.move_window
                0x0000000008007dae       0x5c ./Middlewares/Third_Party/FatFs/src/ff.o
 .text.sync_fs  0x0000000008007e0a      0x15a ./Middlewares/Third_Party/FatFs/src/ff.o
 .text.clust2sect
                0x0000000008007f64       0x42 ./Middlewares/Third_Party/FatFs/src/ff.o
                0x0000000008007f64                clust2sect
 .text.get_fat  0x0000000008007fa6      0x174 ./Middlewares/Third_Party/FatFs/src/ff.o
                0x0000000008007fa6                get_fat
 .text.put_fat  0x000000000800811a      0x21c ./Middlewares/Third_Party/FatFs/src/ff.o
                0x000000000800811a                put_fat
 .text.remove_chain
                0x0000000008008336       0xb4 ./Middlewares/Third_Party/FatFs/src/ff.o
 .text.create_chain
                0x00000000080083ea      0x13a ./Middlewares/Third_Party/FatFs/src/ff.o
 .text.clmt_clust
                0x0000000008008524       0x68 ./Middlewares/Third_Party/FatFs/src/ff.o
 .text.dir_sdi  0x000000000800858c      0x128 ./Middlewares/Third_Party/FatFs/src/ff.o
 .text.dir_next
                0x00000000080086b4      0x1ee ./Middlewares/Third_Party/FatFs/src/ff.o
 .text.dir_alloc
                0x00000000080088a2       0x94 ./Middlewares/Third_Party/FatFs/src/ff.o
 .text.ld_clust
                0x0000000008008936       0x5a ./Middlewares/Third_Party/FatFs/src/ff.o
 .text.st_clust
                0x0000000008008990       0x4c ./Middlewares/Third_Party/FatFs/src/ff.o
 .text.dir_find
                0x00000000080089dc       0x9e ./Middlewares/Third_Party/FatFs/src/ff.o
 .text.dir_read
                0x0000000008008a7a       0xbe ./Middlewares/Third_Party/FatFs/src/ff.o
 .text.dir_register
                0x0000000008008b38       0x72 ./Middlewares/Third_Party/FatFs/src/ff.o
 .text.get_fileinfo
                0x0000000008008baa       0xe0 ./Middlewares/Third_Party/FatFs/src/ff.o
 *fill*         0x0000000008008c8a        0x2 
 .text.create_name
                0x0000000008008c8c      0x180 ./Middlewares/Third_Party/FatFs/src/ff.o
 .text.follow_path
                0x0000000008008e0c       0xdc ./Middlewares/Third_Party/FatFs/src/ff.o
 .text.get_ldnumber
                0x0000000008008ee8       0x86 ./Middlewares/Third_Party/FatFs/src/ff.o
 *fill*         0x0000000008008f6e        0x2 
 .text.check_fs
                0x0000000008008f70       0xd4 ./Middlewares/Third_Party/FatFs/src/ff.o
 .text.find_volume
                0x0000000008009044      0x590 ./Middlewares/Third_Party/FatFs/src/ff.o
 .text.validate
                0x00000000080095d4       0x66 ./Middlewares/Third_Party/FatFs/src/ff.o
 *fill*         0x000000000800963a        0x2 
 .text.f_mount  0x000000000800963c       0x90 ./Middlewares/Third_Party/FatFs/src/ff.o
                0x000000000800963c                f_mount
 .text.f_open   0x00000000080096cc      0x4f2 ./Middlewares/Third_Party/FatFs/src/ff.o
                0x00000000080096cc                f_open
 .text.f_read   0x0000000008009bbe      0x2d6 ./Middlewares/Third_Party/FatFs/src/ff.o
                0x0000000008009bbe                f_read
 .text.f_sync   0x0000000008009e94      0x174 ./Middlewares/Third_Party/FatFs/src/ff.o
                0x0000000008009e94                f_sync
 .text.f_close  0x000000000800a008       0x50 ./Middlewares/Third_Party/FatFs/src/ff.o
                0x000000000800a008                f_close
 .text.f_opendir
                0x000000000800a058      0x104 ./Middlewares/Third_Party/FatFs/src/ff.o
                0x000000000800a058                f_opendir
 .text.f_closedir
                0x000000000800a15c       0x4a ./Middlewares/Third_Party/FatFs/src/ff.o
                0x000000000800a15c                f_closedir
 .text.f_readdir
                0x000000000800a1a6       0x8c ./Middlewares/Third_Party/FatFs/src/ff.o
                0x000000000800a1a6                f_readdir
 *fill*         0x000000000800a232        0x2 
 .text.FATFS_LinkDriverEx
                0x000000000800a234       0x94 ./Middlewares/Third_Party/FatFs/src/ff_gen_drv.o
                0x000000000800a234                FATFS_LinkDriverEx
 .text.FATFS_LinkDriver
                0x000000000800a2c8       0x1e ./Middlewares/Third_Party/FatFs/src/ff_gen_drv.o
                0x000000000800a2c8                FATFS_LinkDriver
 *fill*         0x000000000800a2e6        0x2 
 .text.osKernelInitialize
                0x000000000800a2e8       0x64 ./Middlewares/Third_Party/FreeRTOS/Source/CMSIS_RTOS_V2/cmsis_os2.o
                0x000000000800a2e8                osKernelInitialize
 .text.osKernelStart
                0x000000000800a34c       0x68 ./Middlewares/Third_Party/FreeRTOS/Source/CMSIS_RTOS_V2/cmsis_os2.o
                0x000000000800a34c                osKernelStart
 .text.osThreadNew
                0x000000000800a3b4      0x154 ./Middlewares/Third_Party/FreeRTOS/Source/CMSIS_RTOS_V2/cmsis_os2.o
                0x000000000800a3b4                osThreadNew
 .text.osDelay  0x000000000800a508       0x5c ./Middlewares/Third_Party/FreeRTOS/Source/CMSIS_RTOS_V2/cmsis_os2.o
                0x000000000800a508                osDelay
 .text.osSemaphoreNew
                0x000000000800a564      0x138 ./Middlewares/Third_Party/FreeRTOS/Source/CMSIS_RTOS_V2/cmsis_os2.o
                0x000000000800a564                osSemaphoreNew
 .text.osSemaphoreAcquire
                0x000000000800a69c       0xcc ./Middlewares/Third_Party/FreeRTOS/Source/CMSIS_RTOS_V2/cmsis_os2.o
                0x000000000800a69c                osSemaphoreAcquire
 .text.osSemaphoreRelease
                0x000000000800a768       0xb0 ./Middlewares/Third_Party/FreeRTOS/Source/CMSIS_RTOS_V2/cmsis_os2.o
                0x000000000800a768                osSemaphoreRelease
 .text.vApplicationGetIdleTaskMemory
                0x000000000800a818       0x30 ./Middlewares/Third_Party/FreeRTOS/Source/CMSIS_RTOS_V2/cmsis_os2.o
                0x000000000800a818                vApplicationGetIdleTaskMemory
 .text.vApplicationGetTimerTaskMemory
                0x000000000800a848       0x30 ./Middlewares/Third_Party/FreeRTOS/Source/CMSIS_RTOS_V2/cmsis_os2.o
                0x000000000800a848                vApplicationGetTimerTaskMemory
 .text.vListInitialise
                0x000000000800a878       0x3e ./Middlewares/Third_Party/FreeRTOS/Source/list.o
                0x000000000800a878                vListInitialise
 .text.vListInitialiseItem
                0x000000000800a8b6       0x18 ./Middlewares/Third_Party/FreeRTOS/Source/list.o
                0x000000000800a8b6                vListInitialiseItem
 .text.vListInsertEnd
                0x000000000800a8ce       0x46 ./Middlewares/Third_Party/FreeRTOS/Source/list.o
                0x000000000800a8ce                vListInsertEnd
 .text.vListInsert
                0x000000000800a914       0x70 ./Middlewares/Third_Party/FreeRTOS/Source/list.o
                0x000000000800a914                vListInsert
 .text.uxListRemove
                0x000000000800a984       0x52 ./Middlewares/Third_Party/FreeRTOS/Source/list.o
                0x000000000800a984                uxListRemove
 *fill*         0x000000000800a9d6        0x2 
 .text.xQueueGenericReset
                0x000000000800a9d8       0xd0 ./Middlewares/Third_Party/FreeRTOS/Source/queue.o
                0x000000000800a9d8                xQueueGenericReset
 .text.xQueueGenericCreateStatic
                0x000000000800aaa8       0xee ./Middlewares/Third_Party/FreeRTOS/Source/queue.o
                0x000000000800aaa8                xQueueGenericCreateStatic
 .text.xQueueGenericCreate
                0x000000000800ab96       0x7c ./Middlewares/Third_Party/FreeRTOS/Source/queue.o
                0x000000000800ab96                xQueueGenericCreate
 .text.prvInitialiseNewQueue
                0x000000000800ac12       0x46 ./Middlewares/Third_Party/FreeRTOS/Source/queue.o
 .text.xQueueCreateCountingSemaphoreStatic
                0x000000000800ac58       0x6e ./Middlewares/Third_Party/FreeRTOS/Source/queue.o
                0x000000000800ac58                xQueueCreateCountingSemaphoreStatic
 .text.xQueueCreateCountingSemaphore
                0x000000000800acc6       0x66 ./Middlewares/Third_Party/FreeRTOS/Source/queue.o
                0x000000000800acc6                xQueueCreateCountingSemaphore
 .text.xQueueGenericSend
                0x000000000800ad2c      0x1fc ./Middlewares/Third_Party/FreeRTOS/Source/queue.o
                0x000000000800ad2c                xQueueGenericSend
 .text.xQueueGenericSendFromISR
                0x000000000800af28      0x130 ./Middlewares/Third_Party/FreeRTOS/Source/queue.o
                0x000000000800af28                xQueueGenericSendFromISR
 .text.xQueueGiveFromISR
                0x000000000800b058      0x11a ./Middlewares/Third_Party/FreeRTOS/Source/queue.o
                0x000000000800b058                xQueueGiveFromISR
 *fill*         0x000000000800b172        0x2 
 .text.xQueueReceive
                0x000000000800b174      0x1c0 ./Middlewares/Third_Party/FreeRTOS/Source/queue.o
                0x000000000800b174                xQueueReceive
 .text.xQueueSemaphoreTake
                0x000000000800b334      0x218 ./Middlewares/Third_Party/FreeRTOS/Source/queue.o
                0x000000000800b334                xQueueSemaphoreTake
 .text.xQueueReceiveFromISR
                0x000000000800b54c      0x100 ./Middlewares/Third_Party/FreeRTOS/Source/queue.o
                0x000000000800b54c                xQueueReceiveFromISR
 .text.vQueueDelete
                0x000000000800b64c       0x46 ./Middlewares/Third_Party/FreeRTOS/Source/queue.o
                0x000000000800b64c                vQueueDelete
 .text.prvGetDisinheritPriorityAfterTimeout
                0x000000000800b692       0x2e ./Middlewares/Third_Party/FreeRTOS/Source/queue.o
 .text.prvCopyDataToQueue
                0x000000000800b6c0       0xd4 ./Middlewares/Third_Party/FreeRTOS/Source/queue.o
 .text.prvCopyDataFromQueue
                0x000000000800b794       0x4c ./Middlewares/Third_Party/FreeRTOS/Source/queue.o
 .text.prvUnlockQueue
                0x000000000800b7e0       0xa4 ./Middlewares/Third_Party/FreeRTOS/Source/queue.o
 .text.prvIsQueueEmpty
                0x000000000800b884       0x2c ./Middlewares/Third_Party/FreeRTOS/Source/queue.o
 .text.prvIsQueueFull
                0x000000000800b8b0       0x30 ./Middlewares/Third_Party/FreeRTOS/Source/queue.o
 .text.vQueueAddToRegistry
                0x000000000800b8e0       0x50 ./Middlewares/Third_Party/FreeRTOS/Source/queue.o
                0x000000000800b8e0                vQueueAddToRegistry
 .text.vQueueUnregisterQueue
                0x000000000800b930       0x54 ./Middlewares/Third_Party/FreeRTOS/Source/queue.o
                0x000000000800b930                vQueueUnregisterQueue
 .text.vQueueWaitForMessageRestricted
                0x000000000800b984       0x68 ./Middlewares/Third_Party/FreeRTOS/Source/queue.o
                0x000000000800b984                vQueueWaitForMessageRestricted
 .text.xTaskCreateStatic
                0x000000000800b9ec       0xb8 ./Middlewares/Third_Party/FreeRTOS/Source/tasks.o
                0x000000000800b9ec                xTaskCreateStatic
 .text.xTaskCreate
                0x000000000800baa4       0x8a ./Middlewares/Third_Party/FreeRTOS/Source/tasks.o
                0x000000000800baa4                xTaskCreate
 *fill*         0x000000000800bb2e        0x2 
 .text.prvInitialiseNewTask
                0x000000000800bb30      0x144 ./Middlewares/Third_Party/FreeRTOS/Source/tasks.o
 .text.prvAddNewTaskToReadyList
                0x000000000800bc74       0xe0 ./Middlewares/Third_Party/FreeRTOS/Source/tasks.o
 .text.vTaskDelay
                0x000000000800bd54       0x68 ./Middlewares/Third_Party/FreeRTOS/Source/tasks.o
                0x000000000800bd54                vTaskDelay
 .text.vTaskStartScheduler
                0x000000000800bdbc       0xe0 ./Middlewares/Third_Party/FreeRTOS/Source/tasks.o
                0x000000000800bdbc                vTaskStartScheduler
 .text.vTaskSuspendAll
                0x000000000800be9c       0x1c ./Middlewares/Third_Party/FreeRTOS/Source/tasks.o
                0x000000000800be9c                vTaskSuspendAll
 .text.xTaskResumeAll
                0x000000000800beb8      0x13c ./Middlewares/Third_Party/FreeRTOS/Source/tasks.o
                0x000000000800beb8                xTaskResumeAll
 .text.xTaskGetTickCount
                0x000000000800bff4       0x1c ./Middlewares/Third_Party/FreeRTOS/Source/tasks.o
                0x000000000800bff4                xTaskGetTickCount
 .text.xTaskIncrementTick
                0x000000000800c010      0x17c ./Middlewares/Third_Party/FreeRTOS/Source/tasks.o
                0x000000000800c010                xTaskIncrementTick
 .text.vTaskSetApplicationTaskTag
                0x000000000800c18c       0x38 ./Middlewares/Third_Party/FreeRTOS/Source/tasks.o
                0x000000000800c18c                vTaskSetApplicationTaskTag
 .text.vTaskSwitchContext
                0x000000000800c1c4      0x12c ./Middlewares/Third_Party/FreeRTOS/Source/tasks.o
                0x000000000800c1c4                vTaskSwitchContext
 .text.vTaskPlaceOnEventList
                0x000000000800c2f0       0x48 ./Middlewares/Third_Party/FreeRTOS/Source/tasks.o
                0x000000000800c2f0                vTaskPlaceOnEventList
 .text.vTaskPlaceOnEventListRestricted
                0x000000000800c338       0x58 ./Middlewares/Third_Party/FreeRTOS/Source/tasks.o
                0x000000000800c338                vTaskPlaceOnEventListRestricted
 .text.xTaskRemoveFromEventList
                0x000000000800c390       0xc8 ./Middlewares/Third_Party/FreeRTOS/Source/tasks.o
                0x000000000800c390                xTaskRemoveFromEventList
 .text.vTaskInternalSetTimeOutState
                0x000000000800c458       0x2c ./Middlewares/Third_Party/FreeRTOS/Source/tasks.o
                0x000000000800c458                vTaskInternalSetTimeOutState
 .text.xTaskCheckForTimeOut
                0x000000000800c484       0xc4 ./Middlewares/Third_Party/FreeRTOS/Source/tasks.o
                0x000000000800c484                xTaskCheckForTimeOut
 .text.vTaskMissedYield
                0x000000000800c548       0x18 ./Middlewares/Third_Party/FreeRTOS/Source/tasks.o
                0x000000000800c548                vTaskMissedYield
 .text.prvIdleTask
                0x000000000800c560       0x30 ./Middlewares/Third_Party/FreeRTOS/Source/tasks.o
 .text.prvInitialiseTaskLists
                0x000000000800c590       0x80 ./Middlewares/Third_Party/FreeRTOS/Source/tasks.o
 .text.prvCheckTasksWaitingTermination
                0x000000000800c610       0x5c ./Middlewares/Third_Party/FreeRTOS/Source/tasks.o
 .text.prvTaskCheckFreeStackSpace
                0x000000000800c66c       0x36 ./Middlewares/Third_Party/FreeRTOS/Source/tasks.o
 *fill*         0x000000000800c6a2        0x2 
 .text.uxTaskGetStackHighWaterMark
                0x000000000800c6a4       0x38 ./Middlewares/Third_Party/FreeRTOS/Source/tasks.o
                0x000000000800c6a4                uxTaskGetStackHighWaterMark
 .text.prvDeleteTCB
                0x000000000800c6dc       0x68 ./Middlewares/Third_Party/FreeRTOS/Source/tasks.o
 .text.prvResetNextTaskUnblockTime
                0x000000000800c744       0x48 ./Middlewares/Third_Party/FreeRTOS/Source/tasks.o
 .text.xTaskGetSchedulerState
                0x000000000800c78c       0x3c ./Middlewares/Third_Party/FreeRTOS/Source/tasks.o
                0x000000000800c78c                xTaskGetSchedulerState
 .text.xTaskPriorityInherit
                0x000000000800c7c8       0xdc ./Middlewares/Third_Party/FreeRTOS/Source/tasks.o
                0x000000000800c7c8                xTaskPriorityInherit
 .text.xTaskPriorityDisinherit
                0x000000000800c8a4       0xdc ./Middlewares/Third_Party/FreeRTOS/Source/tasks.o
                0x000000000800c8a4                xTaskPriorityDisinherit
 .text.vTaskPriorityDisinheritAfterTimeout
                0x000000000800c980      0x10c ./Middlewares/Third_Party/FreeRTOS/Source/tasks.o
                0x000000000800c980                vTaskPriorityDisinheritAfterTimeout
 .text.pvTaskIncrementMutexHeldCount
                0x000000000800ca8c       0x28 ./Middlewares/Third_Party/FreeRTOS/Source/tasks.o
                0x000000000800ca8c                pvTaskIncrementMutexHeldCount
 .text.prvAddCurrentTaskToDelayedList
                0x000000000800cab4       0xa8 ./Middlewares/Third_Party/FreeRTOS/Source/tasks.o
 .text.xTimerCreateTimerTask
                0x000000000800cb5c       0x90 ./Middlewares/Third_Party/FreeRTOS/Source/timers.o
                0x000000000800cb5c                xTimerCreateTimerTask
 .text.xTimerGenericCommand
                0x000000000800cbec       0x9c ./Middlewares/Third_Party/FreeRTOS/Source/timers.o
                0x000000000800cbec                xTimerGenericCommand
 .text.prvProcessExpiredTimer
                0x000000000800cc88       0x80 ./Middlewares/Third_Party/FreeRTOS/Source/timers.o
 .text.prvTimerTask
                0x000000000800cd08       0x24 ./Middlewares/Third_Party/FreeRTOS/Source/timers.o
 .text.prvProcessTimerOrBlockTask
                0x000000000800cd2c       0x9c ./Middlewares/Third_Party/FreeRTOS/Source/timers.o
 .text.prvGetNextExpireTime
                0x000000000800cdc8       0x48 ./Middlewares/Third_Party/FreeRTOS/Source/timers.o
 .text.prvSampleTimeNow
                0x000000000800ce10       0x40 ./Middlewares/Third_Party/FreeRTOS/Source/timers.o
 .text.prvInsertTimerInActiveList
                0x000000000800ce50       0x84 ./Middlewares/Third_Party/FreeRTOS/Source/timers.o
 .text.prvProcessReceivedCommands
                0x000000000800ced4      0x168 ./Middlewares/Third_Party/FreeRTOS/Source/timers.o
 .text.prvSwitchTimerLists
                0x000000000800d03c       0xc4 ./Middlewares/Third_Party/FreeRTOS/Source/timers.o
 .text.prvCheckForValidListAndQueue
                0x000000000800d100       0x80 ./Middlewares/Third_Party/FreeRTOS/Source/timers.o
 .text.pxPortInitialiseStack
                0x000000000800d180       0x58 ./Middlewares/Third_Party/FreeRTOS/Source/portable/GCC/ARM_CM3/port.o
                0x000000000800d180                pxPortInitialiseStack
 .text.prvTaskExitError
                0x000000000800d1d8       0x58 ./Middlewares/Third_Party/FreeRTOS/Source/portable/GCC/ARM_CM3/port.o
 .text.SVC_Handler
                0x000000000800d230       0x28 ./Middlewares/Third_Party/FreeRTOS/Source/portable/GCC/ARM_CM3/port.o
                0x000000000800d230                SVC_Handler
 .text.prvPortStartFirstTask
                0x000000000800d258       0x20 ./Middlewares/Third_Party/FreeRTOS/Source/portable/GCC/ARM_CM3/port.o
 .text.xPortStartScheduler
                0x000000000800d278       0xe4 ./Middlewares/Third_Party/FreeRTOS/Source/portable/GCC/ARM_CM3/port.o
                0x000000000800d278                xPortStartScheduler
 .text.vPortEnterCritical
                0x000000000800d35c       0x60 ./Middlewares/Third_Party/FreeRTOS/Source/portable/GCC/ARM_CM3/port.o
                0x000000000800d35c                vPortEnterCritical
 .text.vPortExitCritical
                0x000000000800d3bc       0x50 ./Middlewares/Third_Party/FreeRTOS/Source/portable/GCC/ARM_CM3/port.o
                0x000000000800d3bc                vPortExitCritical
 *fill*         0x000000000800d40c        0x4 
 .text.PendSV_Handler
                0x000000000800d410       0x48 ./Middlewares/Third_Party/FreeRTOS/Source/portable/GCC/ARM_CM3/port.o
                0x000000000800d410                PendSV_Handler
 .text.SysTick_Handler
                0x000000000800d458       0x44 ./Middlewares/Third_Party/FreeRTOS/Source/portable/GCC/ARM_CM3/port.o
                0x000000000800d458                SysTick_Handler
 .text.vPortSetupTimerInterrupt
                0x000000000800d49c       0x44 ./Middlewares/Third_Party/FreeRTOS/Source/portable/GCC/ARM_CM3/port.o
                0x000000000800d49c                vPortSetupTimerInterrupt
 .text.vPortValidateInterruptPriority
                0x000000000800d4e0       0x7c ./Middlewares/Third_Party/FreeRTOS/Source/portable/GCC/ARM_CM3/port.o
                0x000000000800d4e0                vPortValidateInterruptPriority
 .text.pvPortMalloc
                0x000000000800d55c      0x188 ./Middlewares/Third_Party/FreeRTOS/Source/portable/MemMang/heap_4.o
                0x000000000800d55c                pvPortMalloc
 .text.vPortFree
                0x000000000800d6e4       0xb4 ./Middlewares/Third_Party/FreeRTOS/Source/portable/MemMang/heap_4.o
                0x000000000800d6e4                vPortFree
 .text.prvHeapInit
                0x000000000800d798       0xc4 ./Middlewares/Third_Party/FreeRTOS/Source/portable/MemMang/heap_4.o
 .text.prvInsertBlockIntoFreeList
                0x000000000800d85c       0xb0 ./Middlewares/Third_Party/FreeRTOS/Source/portable/MemMang/heap_4.o
 .text.memset   0x000000000800d90c       0x10 C:/ST/STM32CubeIDE_1.10.1/STM32CubeIDE/plugins/com.st.stm32cube.ide.mcu.externaltools.gnu-tools-for-stm32.11.3.rel1.win32_1.1.0.202305231506/tools/bin/../lib/gcc/arm-none-eabi/11.3.1/../../../../arm-none-eabi/lib/thumb/v7-m/nofp\libc_nano.a(libc_a-memset.o)
                0x000000000800d90c                memset
 .text.strstr   0x000000000800d91c       0x2c C:/ST/STM32CubeIDE_1.10.1/STM32CubeIDE/plugins/com.st.stm32cube.ide.mcu.externaltools.gnu-tools-for-stm32.11.3.rel1.win32_1.1.0.202305231506/tools/bin/../lib/gcc/arm-none-eabi/11.3.1/../../../../arm-none-eabi/lib/thumb/v7-m/nofp\libc_nano.a(libc_a-strstr.o)
                0x000000000800d91c                strstr
 .text._reclaim_reent
                0x000000000800d948       0xac C:/ST/STM32CubeIDE_1.10.1/STM32CubeIDE/plugins/com.st.stm32cube.ide.mcu.externaltools.gnu-tools-for-stm32.11.3.rel1.win32_1.1.0.202305231506/tools/bin/../lib/gcc/arm-none-eabi/11.3.1/../../../../arm-none-eabi/lib/thumb/v7-m/nofp\libc_nano.a(libc_a-reent.o)
                0x000000000800d948                _reclaim_reent
 .text.__errno  0x000000000800d9f4        0xc C:/ST/STM32CubeIDE_1.10.1/STM32CubeIDE/plugins/com.st.stm32cube.ide.mcu.externaltools.gnu-tools-for-stm32.11.3.rel1.win32_1.1.0.202305231506/tools/bin/../lib/gcc/arm-none-eabi/11.3.1/../../../../arm-none-eabi/lib/thumb/v7-m/nofp\libc_nano.a(libc_a-errno.o)
                0x000000000800d9f4                __errno
 .text.__libc_init_array
                0x000000000800da00       0x48 C:/ST/STM32CubeIDE_1.10.1/STM32CubeIDE/plugins/com.st.stm32cube.ide.mcu.externaltools.gnu-tools-for-stm32.11.3.rel1.win32_1.1.0.202305231506/tools/bin/../lib/gcc/arm-none-eabi/11.3.1/../../../../arm-none-eabi/lib/thumb/v7-m/nofp\libc_nano.a(libc_a-init.o)
                0x000000000800da00                __libc_init_array
 .text.__retarget_lock_acquire_recursive
                0x000000000800da48        0x2 C:/ST/STM32CubeIDE_1.10.1/STM32CubeIDE/plugins/com.st.stm32cube.ide.mcu.externaltools.gnu-tools-for-stm32.11.3.rel1.win32_1.1.0.202305231506/tools/bin/../lib/gcc/arm-none-eabi/11.3.1/../../../../arm-none-eabi/lib/thumb/v7-m/nofp\libc_nano.a(libc_a-lock.o)
                0x000000000800da48                __retarget_lock_acquire_recursive
 .text.__retarget_lock_release_recursive
                0x000000000800da4a        0x2 C:/ST/STM32CubeIDE_1.10.1/STM32CubeIDE/plugins/com.st.stm32cube.ide.mcu.externaltools.gnu-tools-for-stm32.11.3.rel1.win32_1.1.0.202305231506/tools/bin/../lib/gcc/arm-none-eabi/11.3.1/../../../../arm-none-eabi/lib/thumb/v7-m/nofp\libc_nano.a(libc_a-lock.o)
                0x000000000800da4a                __retarget_lock_release_recursive
 .text.strcpy   0x000000000800da4c       0x10 C:/ST/STM32CubeIDE_1.10.1/STM32CubeIDE/plugins/com.st.stm32cube.ide.mcu.externaltools.gnu-tools-for-stm32.11.3.rel1.win32_1.1.0.202305231506/tools/bin/../lib/gcc/arm-none-eabi/11.3.1/../../../../arm-none-eabi/lib/thumb/v7-m/nofp\libc_nano.a(libc_a-strcpy.o)
                0x000000000800da4c                strcpy
 .text.memcpy   0x000000000800da5c       0x1c C:/ST/STM32CubeIDE_1.10.1/STM32CubeIDE/plugins/com.st.stm32cube.ide.mcu.externaltools.gnu-tools-for-stm32.11.3.rel1.win32_1.1.0.202305231506/tools/bin/../lib/gcc/arm-none-eabi/11.3.1/../../../../arm-none-eabi/lib/thumb/v7-m/nofp\libc_nano.a(libc_a-memcpy-stub.o)
                0x000000000800da5c                memcpy
 .text._free_r  0x000000000800da78       0x90 C:/ST/STM32CubeIDE_1.10.1/STM32CubeIDE/plugins/com.st.stm32cube.ide.mcu.externaltools.gnu-tools-for-stm32.11.3.rel1.win32_1.1.0.202305231506/tools/bin/../lib/gcc/arm-none-eabi/11.3.1/../../../../arm-none-eabi/lib/thumb/v7-m/nofp\libc_nano.a(libc_a-freer.o)
                0x000000000800da78                _free_r
 .text.__malloc_lock
                0x000000000800db08        0xc C:/ST/STM32CubeIDE_1.10.1/STM32CubeIDE/plugins/com.st.stm32cube.ide.mcu.externaltools.gnu-tools-for-stm32.11.3.rel1.win32_1.1.0.202305231506/tools/bin/../lib/gcc/arm-none-eabi/11.3.1/../../../../arm-none-eabi/lib/thumb/v7-m/nofp\libc_nano.a(libc_a-mlock.o)
                0x000000000800db08                __malloc_lock
 .text.__malloc_unlock
                0x000000000800db14        0xc C:/ST/STM32CubeIDE_1.10.1/STM32CubeIDE/plugins/com.st.stm32cube.ide.mcu.externaltools.gnu-tools-for-stm32.11.3.rel1.win32_1.1.0.202305231506/tools/bin/../lib/gcc/arm-none-eabi/11.3.1/../../../../arm-none-eabi/lib/thumb/v7-m/nofp\libc_nano.a(libc_a-mlock.o)
                0x000000000800db14                __malloc_unlock
 .text.sqrtf    0x000000000800db20       0x34 C:/ST/STM32CubeIDE_1.10.1/STM32CubeIDE/plugins/com.st.stm32cube.ide.mcu.externaltools.gnu-tools-for-stm32.11.3.rel1.win32_1.1.0.202305231506/tools/bin/../lib/gcc/arm-none-eabi/11.3.1/../../../../arm-none-eabi/lib/thumb/v7-m/nofp\libm.a(libm_a-wf_sqrt.o)
                0x000000000800db20                sqrtf
 .text.__ieee754_sqrtf
                0x000000000800db54       0xe0 C:/ST/STM32CubeIDE_1.10.1/STM32CubeIDE/plugins/com.st.stm32cube.ide.mcu.externaltools.gnu-tools-for-stm32.11.3.rel1.win32_1.1.0.202305231506/tools/bin/../lib/gcc/arm-none-eabi/11.3.1/../../../../arm-none-eabi/lib/thumb/v7-m/nofp\libm.a(libm_a-ef_sqrt.o)
                0x000000000800db54                __ieee754_sqrtf
 *(.glue_7)
 .glue_7        0x000000000800dc34        0x0 linker stubs
 *(.glue_7t)
 .glue_7t       0x000000000800dc34        0x0 linker stubs
 *(.eh_frame)
 .eh_frame      0x000000000800dc34        0x0 C:/ST/STM32CubeIDE_1.10.1/STM32CubeIDE/plugins/com.st.stm32cube.ide.mcu.externaltools.gnu-tools-for-stm32.11.3.rel1.win32_1.1.0.202305231506/tools/bin/../lib/gcc/arm-none-eabi/11.3.1/thumb/v7-m/nofp/crtbegin.o
 *(.init)
 .init          0x000000000800dc34        0x4 C:/ST/STM32CubeIDE_1.10.1/STM32CubeIDE/plugins/com.st.stm32cube.ide.mcu.externaltools.gnu-tools-for-stm32.11.3.rel1.win32_1.1.0.202305231506/tools/bin/../lib/gcc/arm-none-eabi/11.3.1/thumb/v7-m/nofp/crti.o
                0x000000000800dc34                _init
 .init          0x000000000800dc38        0x8 C:/ST/STM32CubeIDE_1.10.1/STM32CubeIDE/plugins/com.st.stm32cube.ide.mcu.externaltools.gnu-tools-for-stm32.11.3.rel1.win32_1.1.0.202305231506/tools/bin/../lib/gcc/arm-none-eabi/11.3.1/thumb/v7-m/nofp/crtn.o
 *(.fini)
 .fini          0x000000000800dc40        0x4 C:/ST/STM32CubeIDE_1.10.1/STM32CubeIDE/plugins/com.st.stm32cube.ide.mcu.externaltools.gnu-tools-for-stm32.11.3.rel1.win32_1.1.0.202305231506/tools/bin/../lib/gcc/arm-none-eabi/11.3.1/thumb/v7-m/nofp/crti.o
                0x000000000800dc40                _fini
 .fini          0x000000000800dc44        0x8 C:/ST/STM32CubeIDE_1.10.1/STM32CubeIDE/plugins/com.st.stm32cube.ide.mcu.externaltools.gnu-tools-for-stm32.11.3.rel1.win32_1.1.0.202305231506/tools/bin/../lib/gcc/arm-none-eabi/11.3.1/thumb/v7-m/nofp/crtn.o
                0x000000000800dc4c                . = ALIGN (0x4)
                0x000000000800dc4c                _etext = .

.vfp11_veneer   0x000000000800dc4c        0x0
 .vfp11_veneer  0x000000000800dc4c        0x0 linker stubs

.v4_bx          0x000000000800dc4c        0x0
 .v4_bx         0x000000000800dc4c        0x0 linker stubs

.iplt           0x000000000800dc4c        0x0
 .iplt          0x000000000800dc4c        0x0 C:/ST/STM32CubeIDE_1.10.1/STM32CubeIDE/plugins/com.st.stm32cube.ide.mcu.externaltools.gnu-tools-for-stm32.11.3.rel1.win32_1.1.0.202305231506/tools/bin/../lib/gcc/arm-none-eabi/11.3.1/thumb/v7-m/nofp/crtbegin.o

.rodata         0x000000000800dc4c     0x12e8
                0x000000000800dc4c                . = ALIGN (0x4)
 *(.rodata)
 .rodata        0x000000000800dc4c       0x3d ./Core/Src/main.o
 *fill*         0x000000000800dc89        0x3 
 .rodata        0x000000000800dc8c       0x3b ./Drivers/STM32F1xx_HAL_Driver/Src/stm32f1xx_hal_cortex.o
 *fill*         0x000000000800dcc7        0x1 
 .rodata        0x000000000800dcc8       0x39 ./Drivers/STM32F1xx_HAL_Driver/Src/stm32f1xx_hal_gpio.o
 *fill*         0x000000000800dd01        0x3 
 .rodata        0x000000000800dd04       0x38 ./Drivers/STM32F1xx_HAL_Driver/Src/stm32f1xx_hal_i2c.o
 .rodata        0x000000000800dd3c       0x38 ./Drivers/STM32F1xx_HAL_Driver/Src/stm32f1xx_hal_rcc.o
 .rodata        0x000000000800dd74       0x38 ./Drivers/STM32F1xx_HAL_Driver/Src/stm32f1xx_hal_spi.o
 .rodata        0x000000000800ddac       0x38 ./Drivers/STM32F1xx_HAL_Driver/Src/stm32f1xx_hal_tim.o
 .rodata        0x000000000800dde4       0x3b ./Drivers/STM32F1xx_HAL_Driver/Src/stm32f1xx_hal_tim_ex.o
 *fill*         0x000000000800de1f        0x1 
 .rodata        0x000000000800de20       0x44 ./Middlewares/Third_Party/FatFs/src/ff.o
 .rodata        0x000000000800de64        0x5 ./Middlewares/Third_Party/FreeRTOS/Source/tasks.o
 *fill*         0x000000000800de69        0x3 
 .rodata        0x000000000800de6c        0xd ./Middlewares/Third_Party/FreeRTOS/Source/timers.o
 *(.rodata*)
 *fill*         0x000000000800de79        0x3 
 .rodata.Font7x10
                0x000000000800de7c      0x76c ./Core/Src/fonts.o
                0x000000000800de7c                Font7x10
 .rodata.defaultTask_attributes
                0x000000000800e5e8       0x24 ./Core/Src/main.o
                0x000000000800e5e8                defaultTask_attributes
 .rodata.Lectura_botones_attributes
                0x000000000800e60c       0x24 ./Core/Src/main.o
                0x000000000800e60c                Lectura_botones_attributes
 .rodata.GRAFICA_attributes
                0x000000000800e630       0x24 ./Core/Src/main.o
                0x000000000800e630                GRAFICA_attributes
 .rodata.SD_attributes
                0x000000000800e654       0x24 ./Core/Src/main.o
                0x000000000800e654                SD_attributes
 .rodata.Sem_esc_attributes
                0x000000000800e678       0x10 ./Core/Src/main.o
                0x000000000800e678                Sem_esc_attributes
 .rodata.AHBPrescTable
                0x000000000800e688       0x10 ./Core/Src/system_stm32f1xx.o
                0x000000000800e688                AHBPrescTable
 .rodata.APBPrescTable
                0x000000000800e698        0x8 ./Core/Src/system_stm32f1xx.o
                0x000000000800e698                APBPrescTable
 .rodata.dummy.0
                0x000000000800e6a0      0x800 ./Core/Src/user_diskio_spi.o
 .rodata.aPLLMULFactorTable.1
                0x000000000800eea0       0x10 ./Drivers/STM32F1xx_HAL_Driver/Src/stm32f1xx_hal_rcc.o
 .rodata.aPredivFactorTable.0
                0x000000000800eeb0        0x2 ./Drivers/STM32F1xx_HAL_Driver/Src/stm32f1xx_hal_rcc.o
 *fill*         0x000000000800eeb2        0x2 
 .rodata.ExCvt  0x000000000800eeb4       0x80 ./Middlewares/Third_Party/FatFs/src/ff.o
                0x000000000800ef34                . = ALIGN (0x4)

.rel.dyn        0x000000000800ef34        0x0
 .rel.iplt      0x000000000800ef34        0x0 C:/ST/STM32CubeIDE_1.10.1/STM32CubeIDE/plugins/com.st.stm32cube.ide.mcu.externaltools.gnu-tools-for-stm32.11.3.rel1.win32_1.1.0.202305231506/tools/bin/../lib/gcc/arm-none-eabi/11.3.1/thumb/v7-m/nofp/crtbegin.o

.ARM.extab      0x000000000800ef34        0x0
                0x000000000800ef34                . = ALIGN (0x4)
 *(.ARM.extab* .gnu.linkonce.armextab.*)
                0x000000000800ef34                . = ALIGN (0x4)

.ARM            0x000000000800ef34        0x0
                0x000000000800ef34                . = ALIGN (0x4)
                0x000000000800ef34                __exidx_start = .
 *(.ARM.exidx*)
                0x000000000800ef34                __exidx_end = .
                0x000000000800ef34                . = ALIGN (0x4)

.preinit_array  0x000000000800ef34        0x0
                0x000000000800ef34                . = ALIGN (0x4)
                0x000000000800ef34                PROVIDE (__preinit_array_start = .)
 *(.preinit_array*)
                0x000000000800ef34                PROVIDE (__preinit_array_end = .)
                0x000000000800ef34                . = ALIGN (0x4)

.init_array     0x000000000800ef34        0x4
                0x000000000800ef34                . = ALIGN (0x4)
                0x000000000800ef34                PROVIDE (__init_array_start = .)
 *(SORT_BY_NAME(.init_array.*))
 *(.init_array*)
 .init_array    0x000000000800ef34        0x4 C:/ST/STM32CubeIDE_1.10.1/STM32CubeIDE/plugins/com.st.stm32cube.ide.mcu.externaltools.gnu-tools-for-stm32.11.3.rel1.win32_1.1.0.202305231506/tools/bin/../lib/gcc/arm-none-eabi/11.3.1/thumb/v7-m/nofp/crtbegin.o
                0x000000000800ef38                PROVIDE (__init_array_end = .)
                0x000000000800ef38                . = ALIGN (0x4)

.fini_array     0x000000000800ef38        0x4
                0x000000000800ef38                . = ALIGN (0x4)
                [!provide]                        PROVIDE (__fini_array_start = .)
 *(SORT_BY_NAME(.fini_array.*))
 *(.fini_array*)
 .fini_array    0x000000000800ef38        0x4 C:/ST/STM32CubeIDE_1.10.1/STM32CubeIDE/plugins/com.st.stm32cube.ide.mcu.externaltools.gnu-tools-for-stm32.11.3.rel1.win32_1.1.0.202305231506/tools/bin/../lib/gcc/arm-none-eabi/11.3.1/thumb/v7-m/nofp/crtbegin.o
                [!provide]                        PROVIDE (__fini_array_end = .)
                0x000000000800ef3c                . = ALIGN (0x4)
                0x000000000800ef3c                _sidata = LOADADDR (.data)

.data           0x0000000020000000      0xa00 load address 0x000000000800ef3c
                0x0000000020000000                . = ALIGN (0x4)
                0x0000000020000000                _sdata = .
 *(.data)
 *(.data*)
 .data.filtro_LP
                0x0000000020000000       0x24 ./Core/Src/biquad.o
                0x0000000020000000                filtro_LP
 .data.filtro_HP
                0x0000000020000024       0x24 ./Core/Src/biquad.o
                0x0000000020000024                filtro_HP
 .data.w        0x0000000020000048      0x800 ./Core/Src/fft.o
                0x0000000020000048                w
 .data.log_table
                0x0000000020000848      0x100 ./Core/Src/fft.o
                0x0000000020000848                log_table
 .data.Font_7x10
                0x0000000020000948        0x8 ./Core/Src/fonts.o
                0x0000000020000948                Font_7x10
 .data.puntero_escritura
                0x0000000020000950        0x4 ./Core/Src/main.o
                0x0000000020000950                puntero_escritura
 .data.puntero_lectura
                0x0000000020000954        0x4 ./Core/Src/main.o
                0x0000000020000954                puntero_lectura
 .data.x        0x0000000020000958       0x20 ./Core/Src/main.o
                0x0000000020000958                x
 .data.ganancia_low
                0x0000000020000978        0x4 ./Core/Src/main.o
                0x0000000020000978                ganancia_low
 .data.ganancia_high
                0x000000002000097c        0x4 ./Core/Src/main.o
                0x000000002000097c                ganancia_high
 .data.SystemCoreClock
                0x0000000020000980        0x4 ./Core/Src/system_stm32f1xx.o
                0x0000000020000980                SystemCoreClock
 .data.Stat     0x0000000020000984        0x1 ./Core/Src/user_diskio_spi.o
 *fill*         0x0000000020000985        0x3 
 .data.uwTickPrio
                0x0000000020000988        0x4 ./Drivers/STM32F1xx_HAL_Driver/Src/stm32f1xx_hal.o
                0x0000000020000988                uwTickPrio
 .data.uwTickFreq
                0x000000002000098c        0x1 ./Drivers/STM32F1xx_HAL_Driver/Src/stm32f1xx_hal.o
                0x000000002000098c                uwTickFreq
 *fill*         0x000000002000098d        0x3 
 .data.USER_Driver
                0x0000000020000990       0x14 ./FATFS/Target/user_diskio.o
                0x0000000020000990                USER_Driver
 .data.uxCriticalNesting
                0x00000000200009a4        0x4 ./Middlewares/Third_Party/FreeRTOS/Source/portable/GCC/ARM_CM3/port.o
 .data._impure_data
                0x00000000200009a8       0x4c C:/ST/STM32CubeIDE_1.10.1/STM32CubeIDE/plugins/com.st.stm32cube.ide.mcu.externaltools.gnu-tools-for-stm32.11.3.rel1.win32_1.1.0.202305231506/tools/bin/../lib/gcc/arm-none-eabi/11.3.1/../../../../arm-none-eabi/lib/thumb/v7-m/nofp\libc_nano.a(libc_a-impure.o)
                0x00000000200009a8                _impure_data
 .data._impure_ptr
                0x00000000200009f4        0x4 C:/ST/STM32CubeIDE_1.10.1/STM32CubeIDE/plugins/com.st.stm32cube.ide.mcu.externaltools.gnu-tools-for-stm32.11.3.rel1.win32_1.1.0.202305231506/tools/bin/../lib/gcc/arm-none-eabi/11.3.1/../../../../arm-none-eabi/lib/thumb/v7-m/nofp\libc_nano.a(libc_a-impure.o)
                0x00000000200009f4                _impure_ptr
 .data.one      0x00000000200009f8        0x4 C:/ST/STM32CubeIDE_1.10.1/STM32CubeIDE/plugins/com.st.stm32cube.ide.mcu.externaltools.gnu-tools-for-stm32.11.3.rel1.win32_1.1.0.202305231506/tools/bin/../lib/gcc/arm-none-eabi/11.3.1/../../../../arm-none-eabi/lib/thumb/v7-m/nofp\libm.a(libm_a-ef_sqrt.o)
 .data.tiny     0x00000000200009fc        0x4 C:/ST/STM32CubeIDE_1.10.1/STM32CubeIDE/plugins/com.st.stm32cube.ide.mcu.externaltools.gnu-tools-for-stm32.11.3.rel1.win32_1.1.0.202305231506/tools/bin/../lib/gcc/arm-none-eabi/11.3.1/../../../../arm-none-eabi/lib/thumb/v7-m/nofp\libm.a(libm_a-ef_sqrt.o)
 *(.RamFunc)
 *(.RamFunc*)
                0x0000000020000a00                . = ALIGN (0x4)
                0x0000000020000a00                _edata = .

.igot.plt       0x0000000020000a00        0x0 load address 0x000000000800f93c
 .igot.plt      0x0000000020000a00        0x0 C:/ST/STM32CubeIDE_1.10.1/STM32CubeIDE/plugins/com.st.stm32cube.ide.mcu.externaltools.gnu-tools-for-stm32.11.3.rel1.win32_1.1.0.202305231506/tools/bin/../lib/gcc/arm-none-eabi/11.3.1/thumb/v7-m/nofp/crtbegin.o
                0x0000000020000a00                . = ALIGN (0x4)

.bss            0x0000000020000a00     0x2f88 load address 0x000000000800f93c
                0x0000000020000a00                _sbss = .
                0x0000000020000a00                __bss_start__ = _sbss
 *(.bss)
 .bss           0x0000000020000a00       0x1c C:/ST/STM32CubeIDE_1.10.1/STM32CubeIDE/plugins/com.st.stm32cube.ide.mcu.externaltools.gnu-tools-for-stm32.11.3.rel1.win32_1.1.0.202305231506/tools/bin/../lib/gcc/arm-none-eabi/11.3.1/thumb/v7-m/nofp/crtbegin.o
 *(.bss*)
 .bss.men       0x0000000020000a1c        0x1 ./Core/Src/main.o
                0x0000000020000a1c                men
 .bss.boton     0x0000000020000a1d        0x1 ./Core/Src/main.o
                0x0000000020000a1d                boton
 *fill*         0x0000000020000a1e        0x2 
 .bss.archivos  0x0000000020000a20       0x37 ./Core/Src/main.o
                0x0000000020000a20                archivos
 *fill*         0x0000000020000a57        0x1 
 .bss.idx       0x0000000020000a58        0x2 ./Core/Src/main.o
                0x0000000020000a58                idx
 *fill*         0x0000000020000a5a        0x2 
 .bss.bufferDn  0x0000000020000a5c       0x80 ./Core/Src/main.o
                0x0000000020000a5c                bufferDn
 .bss.bufferUp  0x0000000020000adc       0x80 ./Core/Src/main.o
                0x0000000020000adc                bufferUp
 .bss.Y         0x0000000020000b5c      0x200 ./Core/Src/main.o
                0x0000000020000b5c                Y
 .bss.barras    0x0000000020000d5c       0x20 ./Core/Src/main.o
                0x0000000020000d5c                barras
 .bss.barras_peak
                0x0000000020000d7c       0x20 ./Core/Src/main.o
                0x0000000020000d7c                barras_peak
 .bss.y         0x0000000020000d9c       0x20 ./Core/Src/main.o
                0x0000000020000d9c                y
 .bss.flag_ec   0x0000000020000dbc        0x1 ./Core/Src/main.o
                0x0000000020000dbc                flag_ec
 .bss.ready     0x0000000020000dbd        0x1 ./Core/Src/main.o
                0x0000000020000dbd                ready
 .bss.clse      0x0000000020000dbe        0x1 ./Core/Src/main.o
                0x0000000020000dbe                clse
 .bss.sel       0x0000000020000dbf        0x1 ./Core/Src/main.o
                0x0000000020000dbf                sel
 .bss.vadc      0x0000000020000dc0        0x4 ./Core/Src/main.o
                0x0000000020000dc0                vadc
 .bss.hi2c1     0x0000000020000dc4       0x54 ./Core/Src/main.o
                0x0000000020000dc4                hi2c1
 .bss.hspi2     0x0000000020000e18       0x58 ./Core/Src/main.o
                0x0000000020000e18                hspi2
 .bss.htim2     0x0000000020000e70       0x48 ./Core/Src/main.o
                0x0000000020000e70                htim2
 .bss.htim3     0x0000000020000eb8       0x48 ./Core/Src/main.o
                0x0000000020000eb8                htim3
 .bss.defaultTaskHandle
                0x0000000020000f00        0x4 ./Core/Src/main.o
                0x0000000020000f00                defaultTaskHandle
 .bss.Lectura_botonesHandle
                0x0000000020000f04        0x4 ./Core/Src/main.o
                0x0000000020000f04                Lectura_botonesHandle
 .bss.GRAFICAHandle
                0x0000000020000f08        0x4 ./Core/Src/main.o
                0x0000000020000f08                GRAFICAHandle
 .bss.SDHandle  0x0000000020000f0c        0x4 ./Core/Src/main.o
                0x0000000020000f0c                SDHandle
 .bss.Sem_escHandle
                0x0000000020000f10        0x4 ./Core/Src/main.o
                0x0000000020000f10                Sem_escHandle
 .bss.SSD1306_Buffer
                0x0000000020000f14      0x400 ./Core/Src/ssd1306.o
 .bss.SSD1306   0x0000000020001314        0x6 ./Core/Src/ssd1306.o
 *fill*         0x000000002000131a        0x2 
 .bss.htim4     0x000000002000131c       0x48 ./Core/Src/stm32f1xx_hal_timebase_tim.o
                0x000000002000131c                htim4
 .bss.CardType  0x0000000020001364        0x1 ./Core/Src/user_diskio_spi.o
 *fill*         0x0000000020001365        0x3 
 .bss.spiTimerTickStart
                0x0000000020001368        0x4 ./Core/Src/user_diskio_spi.o
                0x0000000020001368                spiTimerTickStart
 .bss.spiTimerTickDelay
                0x000000002000136c        0x4 ./Core/Src/user_diskio_spi.o
                0x000000002000136c                spiTimerTickDelay
 .bss.uwTick    0x0000000020001370        0x4 ./Drivers/STM32F1xx_HAL_Driver/Src/stm32f1xx_hal.o
                0x0000000020001370                uwTick
 .bss.retUSER   0x0000000020001374        0x1 ./FATFS/App/fatfs.o
                0x0000000020001374                retUSER
 *fill*         0x0000000020001375        0x3 
 .bss.USERPath  0x0000000020001378        0x4 ./FATFS/App/fatfs.o
                0x0000000020001378                USERPath
 .bss.FatFs     0x000000002000137c        0x4 ./Middlewares/Third_Party/FatFs/src/ff.o
 .bss.Fsid      0x0000000020001380        0x2 ./Middlewares/Third_Party/FatFs/src/ff.o
 *fill*         0x0000000020001382        0x2 
 .bss.Files     0x0000000020001384       0x18 ./Middlewares/Third_Party/FatFs/src/ff.o
 .bss.disk      0x000000002000139c        0xc ./Middlewares/Third_Party/FatFs/src/ff_gen_drv.o
                0x000000002000139c                disk
 .bss.KernelState
                0x00000000200013a8        0x4 ./Middlewares/Third_Party/FreeRTOS/Source/CMSIS_RTOS_V2/cmsis_os2.o
 .bss.Idle_TCB  0x00000000200013ac       0xbc ./Middlewares/Third_Party/FreeRTOS/Source/CMSIS_RTOS_V2/cmsis_os2.o
 .bss.Idle_Stack
                0x0000000020001468      0x100 ./Middlewares/Third_Party/FreeRTOS/Source/CMSIS_RTOS_V2/cmsis_os2.o
 .bss.Timer_TCB
                0x0000000020001568       0xbc ./Middlewares/Third_Party/FreeRTOS/Source/CMSIS_RTOS_V2/cmsis_os2.o
 .bss.Timer_Stack
                0x0000000020001624      0x200 ./Middlewares/Third_Party/FreeRTOS/Source/CMSIS_RTOS_V2/cmsis_os2.o
 .bss.xQueueRegistry
                0x0000000020001824       0x40 ./Middlewares/Third_Party/FreeRTOS/Source/queue.o
                0x0000000020001824                xQueueRegistry
 .bss.pxCurrentTCB
                0x0000000020001864        0x4 ./Middlewares/Third_Party/FreeRTOS/Source/tasks.o
                0x0000000020001864                pxCurrentTCB
 .bss.pxReadyTasksLists
                0x0000000020001868      0x460 ./Middlewares/Third_Party/FreeRTOS/Source/tasks.o
 .bss.xDelayedTaskList1
                0x0000000020001cc8       0x14 ./Middlewares/Third_Party/FreeRTOS/Source/tasks.o
 .bss.xDelayedTaskList2
                0x0000000020001cdc       0x14 ./Middlewares/Third_Party/FreeRTOS/Source/tasks.o
 .bss.pxDelayedTaskList
                0x0000000020001cf0        0x4 ./Middlewares/Third_Party/FreeRTOS/Source/tasks.o
 .bss.pxOverflowDelayedTaskList
                0x0000000020001cf4        0x4 ./Middlewares/Third_Party/FreeRTOS/Source/tasks.o
 .bss.xPendingReadyList
                0x0000000020001cf8       0x14 ./Middlewares/Third_Party/FreeRTOS/Source/tasks.o
 .bss.xTasksWaitingTermination
                0x0000000020001d0c       0x14 ./Middlewares/Third_Party/FreeRTOS/Source/tasks.o
 .bss.uxDeletedTasksWaitingCleanUp
                0x0000000020001d20        0x4 ./Middlewares/Third_Party/FreeRTOS/Source/tasks.o
 .bss.xSuspendedTaskList
                0x0000000020001d24       0x14 ./Middlewares/Third_Party/FreeRTOS/Source/tasks.o
 .bss.uxCurrentNumberOfTasks
                0x0000000020001d38        0x4 ./Middlewares/Third_Party/FreeRTOS/Source/tasks.o
 .bss.xTickCount
                0x0000000020001d3c        0x4 ./Middlewares/Third_Party/FreeRTOS/Source/tasks.o
 .bss.uxTopReadyPriority
                0x0000000020001d40        0x4 ./Middlewares/Third_Party/FreeRTOS/Source/tasks.o
 .bss.xSchedulerRunning
                0x0000000020001d44        0x4 ./Middlewares/Third_Party/FreeRTOS/Source/tasks.o
 .bss.uxPendedTicks
                0x0000000020001d48        0x4 ./Middlewares/Third_Party/FreeRTOS/Source/tasks.o
 .bss.xYieldPending
                0x0000000020001d4c        0x4 ./Middlewares/Third_Party/FreeRTOS/Source/tasks.o
 .bss.xNumOfOverflows
                0x0000000020001d50        0x4 ./Middlewares/Third_Party/FreeRTOS/Source/tasks.o
 .bss.uxTaskNumber
                0x0000000020001d54        0x4 ./Middlewares/Third_Party/FreeRTOS/Source/tasks.o
 .bss.xNextTaskUnblockTime
                0x0000000020001d58        0x4 ./Middlewares/Third_Party/FreeRTOS/Source/tasks.o
 .bss.xIdleTaskHandle
                0x0000000020001d5c        0x4 ./Middlewares/Third_Party/FreeRTOS/Source/tasks.o
 .bss.uxSchedulerSuspended
                0x0000000020001d60        0x4 ./Middlewares/Third_Party/FreeRTOS/Source/tasks.o
 .bss.xActiveTimerList1
                0x0000000020001d64       0x14 ./Middlewares/Third_Party/FreeRTOS/Source/timers.o
 .bss.xActiveTimerList2
                0x0000000020001d78       0x14 ./Middlewares/Third_Party/FreeRTOS/Source/timers.o
 .bss.pxCurrentTimerList
                0x0000000020001d8c        0x4 ./Middlewares/Third_Party/FreeRTOS/Source/timers.o
 .bss.pxOverflowTimerList
                0x0000000020001d90        0x4 ./Middlewares/Third_Party/FreeRTOS/Source/timers.o
 .bss.xTimerQueue
                0x0000000020001d94        0x4 ./Middlewares/Third_Party/FreeRTOS/Source/timers.o
 .bss.xTimerTaskHandle
                0x0000000020001d98        0x4 ./Middlewares/Third_Party/FreeRTOS/Source/timers.o
 .bss.xLastTime.2
                0x0000000020001d9c        0x4 ./Middlewares/Third_Party/FreeRTOS/Source/timers.o
 .bss.ucStaticTimerQueueStorage.1
                0x0000000020001da0       0xa0 ./Middlewares/Third_Party/FreeRTOS/Source/timers.o
 .bss.xStaticTimerQueue.0
                0x0000000020001e40       0x50 ./Middlewares/Third_Party/FreeRTOS/Source/timers.o
 .bss.ucMaxSysCallPriority
                0x0000000020001e90        0x1 ./Middlewares/Third_Party/FreeRTOS/Source/portable/GCC/ARM_CM3/port.o
 *fill*         0x0000000020001e91        0x3 
 .bss.ulMaxPRIGROUPValue
                0x0000000020001e94        0x4 ./Middlewares/Third_Party/FreeRTOS/Source/portable/GCC/ARM_CM3/port.o
 .bss.ucHeap    0x0000000020001e98     0x1998 ./Middlewares/Third_Party/FreeRTOS/Source/portable/MemMang/heap_4.o
 .bss.xStart    0x0000000020003830        0x8 ./Middlewares/Third_Party/FreeRTOS/Source/portable/MemMang/heap_4.o
 .bss.pxEnd     0x0000000020003838        0x4 ./Middlewares/Third_Party/FreeRTOS/Source/portable/MemMang/heap_4.o
 .bss.xFreeBytesRemaining
                0x000000002000383c        0x4 ./Middlewares/Third_Party/FreeRTOS/Source/portable/MemMang/heap_4.o
 .bss.xMinimumEverFreeBytesRemaining
                0x0000000020003840        0x4 ./Middlewares/Third_Party/FreeRTOS/Source/portable/MemMang/heap_4.o
 .bss.xBlockAllocatedBit
                0x0000000020003844        0x4 ./Middlewares/Third_Party/FreeRTOS/Source/portable/MemMang/heap_4.o
 .bss.__sf      0x0000000020003848      0x138 C:/ST/STM32CubeIDE_1.10.1/STM32CubeIDE/plugins/com.st.stm32cube.ide.mcu.externaltools.gnu-tools-for-stm32.11.3.rel1.win32_1.1.0.202305231506/tools/bin/../lib/gcc/arm-none-eabi/11.3.1/../../../../arm-none-eabi/lib/thumb/v7-m/nofp\libc_nano.a(libc_a-findfp.o)
                0x0000000020003848                __sf
 .bss.__lock___malloc_recursive_mutex
                0x0000000020003980        0x1 C:/ST/STM32CubeIDE_1.10.1/STM32CubeIDE/plugins/com.st.stm32cube.ide.mcu.externaltools.gnu-tools-for-stm32.11.3.rel1.win32_1.1.0.202305231506/tools/bin/../lib/gcc/arm-none-eabi/11.3.1/../../../../arm-none-eabi/lib/thumb/v7-m/nofp\libc_nano.a(libc_a-lock.o)
                0x0000000020003980                __lock___malloc_recursive_mutex
 *fill*         0x0000000020003981        0x3 
 .bss.__malloc_free_list
                0x0000000020003984        0x4 C:/ST/STM32CubeIDE_1.10.1/STM32CubeIDE/plugins/com.st.stm32cube.ide.mcu.externaltools.gnu-tools-for-stm32.11.3.rel1.win32_1.1.0.202305231506/tools/bin/../lib/gcc/arm-none-eabi/11.3.1/../../../../arm-none-eabi/lib/thumb/v7-m/nofp\libc_nano.a(libc_a-mallocr.o)
                0x0000000020003984                __malloc_free_list
 *(COMMON)
                0x0000000020003988                . = ALIGN (0x4)
                0x0000000020003988                _ebss = .
                0x0000000020003988                __bss_end__ = _ebss

._user_heap_stack
                0x0000000020003988      0x600 load address 0x000000000800f93c
                0x0000000020003988                . = ALIGN (0x8)
                [!provide]                        PROVIDE (end = .)
                0x0000000020003988                PROVIDE (_end = .)
                0x0000000020003b88                . = (. + _Min_Heap_Size)
 *fill*         0x0000000020003988      0x200 
                0x0000000020003f88                . = (. + _Min_Stack_Size)
 *fill*         0x0000000020003b88      0x400 
                0x0000000020003f88                . = ALIGN (0x8)

/DISCARD/
 libc.a(*)
 libm.a(*)
 libgcc.a(*)

.ARM.attributes
                0x0000000000000000       0x29
 *(.ARM.attributes)
 .ARM.attributes
                0x0000000000000000       0x1d C:/ST/STM32CubeIDE_1.10.1/STM32CubeIDE/plugins/com.st.stm32cube.ide.mcu.externaltools.gnu-tools-for-stm32.11.3.rel1.win32_1.1.0.202305231506/tools/bin/../lib/gcc/arm-none-eabi/11.3.1/thumb/v7-m/nofp/crti.o
 .ARM.attributes
                0x000000000000001d       0x2d C:/ST/STM32CubeIDE_1.10.1/STM32CubeIDE/plugins/com.st.stm32cube.ide.mcu.externaltools.gnu-tools-for-stm32.11.3.rel1.win32_1.1.0.202305231506/tools/bin/../lib/gcc/arm-none-eabi/11.3.1/thumb/v7-m/nofp/crtbegin.o
 .ARM.attributes
                0x000000000000004a       0x2d ./Core/Src/biquad.o
 .ARM.attributes
                0x0000000000000077       0x2d ./Core/Src/fft.o
 .ARM.attributes
                0x00000000000000a4       0x2d ./Core/Src/fonts.o
 .ARM.attributes
                0x00000000000000d1       0x2d ./Core/Src/freertos.o
 .ARM.attributes
                0x00000000000000fe       0x2d ./Core/Src/main.o
 .ARM.attributes
                0x000000000000012b       0x2d ./Core/Src/ssd1306.o
 .ARM.attributes
                0x0000000000000158       0x2d ./Core/Src/stm32f1xx_hal_msp.o
 .ARM.attributes
                0x0000000000000185       0x2d ./Core/Src/stm32f1xx_hal_timebase_tim.o
 .ARM.attributes
                0x00000000000001b2       0x2d ./Core/Src/stm32f1xx_it.o
 .ARM.attributes
                0x00000000000001df       0x2d ./Core/Src/system_stm32f1xx.o
 .ARM.attributes
                0x000000000000020c       0x2d ./Core/Src/user_diskio_spi.o
 .ARM.attributes
                0x0000000000000239       0x21 ./Core/Startup/startup_stm32f103c8tx.o
 .ARM.attributes
                0x000000000000025a       0x2d ./Drivers/STM32F1xx_HAL_Driver/Src/stm32f1xx_hal.o
 .ARM.attributes
                0x0000000000000287       0x2d ./Drivers/STM32F1xx_HAL_Driver/Src/stm32f1xx_hal_cortex.o
 .ARM.attributes
                0x00000000000002b4       0x2d ./Drivers/STM32F1xx_HAL_Driver/Src/stm32f1xx_hal_gpio.o
 .ARM.attributes
                0x00000000000002e1       0x2d ./Drivers/STM32F1xx_HAL_Driver/Src/stm32f1xx_hal_i2c.o
 .ARM.attributes
                0x000000000000030e       0x2d ./Drivers/STM32F1xx_HAL_Driver/Src/stm32f1xx_hal_rcc.o
 .ARM.attributes
                0x000000000000033b       0x2d ./Drivers/STM32F1xx_HAL_Driver/Src/stm32f1xx_hal_spi.o
 .ARM.attributes
                0x0000000000000368       0x2d ./Drivers/STM32F1xx_HAL_Driver/Src/stm32f1xx_hal_tim.o