../Core/Src/main.c:169:6:callback_in	16	static
../Core/Src/main.c:177:6:callback_out	16	static
../Core/Src/main.c:196:5:main	8	static
../Core/Src/main.c:303:6:SystemClock_Config	72	static
../Core/Src/main.c:343:13:MX_I2C1_Init	8	static
../Core/Src/main.c:377:13:MX_SPI2_Init	8	static
../Core/Src/main.c:415:13:MX_TIM2_Init	32	static
../Core/Src/main.c:460:13:MX_TIM3_Init	48	static
../Core/Src/main.c:509:13:MX_GPIO_Init	40	static
../Core/Src/main.c:566:6:ADC1_in_NoHAL	16	static
../Core/Src/main.c:599:6:calcular_barras_fft	56	static
../Core/Src/main.c:636:6:StartDefaultTask	16	static
../Core/Src/main.c:654:6:leerboton	32	static
../Core/Src/main.c:705:6:pantalla	32	static
../Core/Src/main.c:805:6:lectura_sd	1736	static
../Core/Src/main.c:933:6:HAL_TIM_PeriodElapsedCallback	24	static
../Core/Src/main.c:972:6:Error_Handler	4	static,ignoring_inline_asm
../Core/Src/main.c:991:6:assert_failed	16	static
