../Core/Src/ssd1306.c:63:6:SSD1306_InvertDisplay	16	static
../Core/Src/ssd1306.c:72:6:SSD1306_DrawBitmap	32	static
../Core/Src/ssd1306.c:102:9:SSD1306_Init	16	static
../Core/Src/ssd1306.c:168:6:SSD1306_UpdateScreen	16	static
../Core/Src/ssd1306.c:181:6:SSD1306_Fill	16	static
../Core/Src/ssd1306.c:186:6:SSD1306_DrawPixel	16	static
../Core/Src/ssd1306.c:208:6:SSD1306_GotoXY	16	static
../Core/Src/ssd1306.c:214:6:SSD1306_Putc	32	static
../Core/Src/ssd1306.c:245:6:SSD1306_Puts	24	static
../Core/Src/ssd1306.c:263:6:SSD1306_DrawLine	40	static
../Core/Src/ssd1306.c:347:6:SSD1306_DrawFilledRectangle	40	static
../Core/Src/ssd1306.c:375:6:SSD1306_DrawFilledCircle	48	static
../Core/Src/ssd1306.c:408:6:SSD1306_Clear	8	static
../Core/Src/ssd1306.c:413:6:SSD1306_ON	8	static
../Core/Src/ssd1306.c:418:6:SSD1306_OFF	8	static
../Core/Src/ssd1306.c:434:6:ssd1306_I2C_Init	16	static
../Core/Src/ssd1306.c:446:6:ssd1306_I2C_WriteMulti	296	static
../Core/Src/ssd1306.c:456:6:ssd1306_I2C_Write	32	static
